Archive member included to satisfy reference by file (symbol)

/usr/local/gcc-arm-none-eabi-6_2-2016q4/bin/../lib/gcc/arm-none-eabi/6.2.1/../../../../arm-none-eabi/lib/thumb/v6-m/libc_nano.a(lib_a-exit.o)
                              /usr/local/gcc-arm-none-eabi-6_2-2016q4/bin/../lib/gcc/arm-none-eabi/6.2.1/../../../../arm-none-eabi/lib/thumb/v6-m/crt0.o (exit)
/usr/local/gcc-arm-none-eabi-6_2-2016q4/bin/../lib/gcc/arm-none-eabi/6.2.1/../../../../arm-none-eabi/lib/thumb/v6-m/libc_nano.a(lib_a-impure.o)
                              /usr/local/gcc-arm-none-eabi-6_2-2016q4/bin/../lib/gcc/arm-none-eabi/6.2.1/../../../../arm-none-eabi/lib/thumb/v6-m/libc_nano.a(lib_a-exit.o) (_global_impure_ptr)
/usr/local/gcc-arm-none-eabi-6_2-2016q4/bin/../lib/gcc/arm-none-eabi/6.2.1/../../../../arm-none-eabi/lib/thumb/v6-m/libc_nano.a(lib_a-init.o)
                              /usr/local/gcc-arm-none-eabi-6_2-2016q4/bin/../lib/gcc/arm-none-eabi/6.2.1/../../../../arm-none-eabi/lib/thumb/v6-m/crt0.o (__libc_init_array)
/usr/local/gcc-arm-none-eabi-6_2-2016q4/bin/../lib/gcc/arm-none-eabi/6.2.1/../../../../arm-none-eabi/lib/thumb/v6-m/libc_nano.a(lib_a-memset.o)
                              /usr/local/gcc-arm-none-eabi-6_2-2016q4/bin/../lib/gcc/arm-none-eabi/6.2.1/../../../../arm-none-eabi/lib/thumb/v6-m/crt0.o (memset)
/usr/local/gcc-arm-none-eabi-6_2-2016q4/bin/../lib/gcc/arm-none-eabi/6.2.1/../../../../arm-none-eabi/lib/thumb/v6-m/libc_nano.a(lib_a-rand.o)
                              build/main.o (symbol from plugin) (srand)
/usr/local/gcc-arm-none-eabi-6_2-2016q4/bin/../lib/gcc/arm-none-eabi/6.2.1/../../../../arm-none-eabi/lib/thumb/v6-m/libc_nano.a(lib_a-malloc.o)
                              /usr/local/gcc-arm-none-eabi-6_2-2016q4/bin/../lib/gcc/arm-none-eabi/6.2.1/../../../../arm-none-eabi/lib/thumb/v6-m/libc_nano.a(lib_a-rand.o) (malloc)
/usr/local/gcc-arm-none-eabi-6_2-2016q4/bin/../lib/gcc/arm-none-eabi/6.2.1/../../../../arm-none-eabi/lib/thumb/v6-m/libc_nano.a(lib_a-nano-freer.o)
                              /usr/local/gcc-arm-none-eabi-6_2-2016q4/bin/../lib/gcc/arm-none-eabi/6.2.1/../../../../arm-none-eabi/lib/thumb/v6-m/libc_nano.a(lib_a-malloc.o) (_free_r)
/usr/local/gcc-arm-none-eabi-6_2-2016q4/bin/../lib/gcc/arm-none-eabi/6.2.1/../../../../arm-none-eabi/lib/thumb/v6-m/libc_nano.a(lib_a-nano-mallocr.o)
                              /usr/local/gcc-arm-none-eabi-6_2-2016q4/bin/../lib/gcc/arm-none-eabi/6.2.1/../../../../arm-none-eabi/lib/thumb/v6-m/libc_nano.a(lib_a-malloc.o) (_malloc_r)
/usr/local/gcc-arm-none-eabi-6_2-2016q4/bin/../lib/gcc/arm-none-eabi/6.2.1/../../../../arm-none-eabi/lib/thumb/v6-m/libc_nano.a(lib_a-sbrkr.o)
                              /usr/local/gcc-arm-none-eabi-6_2-2016q4/bin/../lib/gcc/arm-none-eabi/6.2.1/../../../../arm-none-eabi/lib/thumb/v6-m/libc_nano.a(lib_a-nano-mallocr.o) (_sbrk_r)
/usr/local/gcc-arm-none-eabi-6_2-2016q4/bin/../lib/gcc/arm-none-eabi/6.2.1/../../../../arm-none-eabi/lib/thumb/v6-m/libc_nano.a(lib_a-mlock.o)
                              /usr/local/gcc-arm-none-eabi-6_2-2016q4/bin/../lib/gcc/arm-none-eabi/6.2.1/../../../../arm-none-eabi/lib/thumb/v6-m/libc_nano.a(lib_a-nano-freer.o) (__malloc_lock)
/usr/local/gcc-arm-none-eabi-6_2-2016q4/bin/../lib/gcc/arm-none-eabi/6.2.1/../../../../arm-none-eabi/lib/thumb/v6-m/libc_nano.a(lib_a-reent.o)
                              /usr/local/gcc-arm-none-eabi-6_2-2016q4/bin/../lib/gcc/arm-none-eabi/6.2.1/../../../../arm-none-eabi/lib/thumb/v6-m/libc_nano.a(lib_a-sbrkr.o) (errno)
/usr/local/gcc-arm-none-eabi-6_2-2016q4/bin/../lib/gcc/arm-none-eabi/6.2.1/../../../../arm-none-eabi/lib/thumb/v6-m/libnosys.a(sbrk.o)
                              /usr/local/gcc-arm-none-eabi-6_2-2016q4/bin/../lib/gcc/arm-none-eabi/6.2.1/../../../../arm-none-eabi/lib/thumb/v6-m/libc_nano.a(lib_a-sbrkr.o) (_sbrk)
/usr/local/gcc-arm-none-eabi-6_2-2016q4/bin/../lib/gcc/arm-none-eabi/6.2.1/../../../../arm-none-eabi/lib/thumb/v6-m/libnosys.a(_exit.o)
                              /usr/local/gcc-arm-none-eabi-6_2-2016q4/bin/../lib/gcc/arm-none-eabi/6.2.1/../../../../arm-none-eabi/lib/thumb/v6-m/libc_nano.a(lib_a-exit.o) (_exit)
/usr/local/gcc-arm-none-eabi-6_2-2016q4/bin/../lib/gcc/arm-none-eabi/6.2.1/thumb/v6-m/libgcc.a(_muldi3.o)
                              /usr/local/gcc-arm-none-eabi-6_2-2016q4/bin/../lib/gcc/arm-none-eabi/6.2.1/../../../../arm-none-eabi/lib/thumb/v6-m/libc_nano.a(lib_a-rand.o) (__aeabi_lmul)
/usr/local/gcc-arm-none-eabi-6_2-2016q4/bin/../lib/gcc/arm-none-eabi/6.2.1/../../../../arm-none-eabi/lib/thumb/v6-m/libc_nano.a(lib_a-memcpy-stub.o)
                              /var/folders/40/3zrx_47s1b1ftkx4vzc9q9_00000gn/T//ccKn2cI2.ltrans3.ltrans.o (memcpy)
/usr/local/gcc-arm-none-eabi-6_2-2016q4/bin/../lib/gcc/arm-none-eabi/6.2.1/../../../../arm-none-eabi/lib/thumb/v6-m/libm.a(lib_a-s_floor.o)
                              /var/folders/40/3zrx_47s1b1ftkx4vzc9q9_00000gn/T//ccKn2cI2.ltrans1.ltrans.o (floor)
[...]
Memory Configuration

Name             Origin             Length             Attributes
RAM              0x0000000020000000 0x0000000000001000 xrw
FLASH            0x0000000008000000 0x0000000000008000 xr
*default*        0x0000000000000000 0xffffffffffffffff

Linker script and memory map

LOAD /usr/local/gcc-arm-none-eabi-6_2-2016q4/bin/../lib/gcc/arm-none-eabi/6.2.1/thumb/v6-m/crti.o
LOAD /usr/local/gcc-arm-none-eabi-6_2-2016q4/bin/../lib/gcc/arm-none-eabi/6.2.1/thumb/v6-m/crtbegin.o
LOAD /usr/local/gcc-arm-none-eabi-6_2-2016q4/bin/../lib/gcc/arm-none-eabi/6.2.1/../../../../arm-none-eabi/lib/thumb/v6-m/crt0.o
LOAD build/beacons.o
LOAD /var/folders/40/3zrx_47s1b1ftkx4vzc9q9_00000gn/T//ccKn2cI2.ltrans0.ltrans.o
LOAD /var/folders/40/3zrx_47s1b1ftkx4vzc9q9_00000gn/T//ccKn2cI2.ltrans1.ltrans.o
LOAD /var/folders/40/3zrx_47s1b1ftkx4vzc9q9_00000gn/T//ccKn2cI2.ltrans2.ltrans.o
LOAD /var/folders/40/3zrx_47s1b1ftkx4vzc9q9_00000gn/T//ccKn2cI2.ltrans3.ltrans.o
LOAD build/board_id.o
LOAD build/color.o
LOAD build/crc.o
LOAD build/iprintf.o
LOAD build/ir_decode.o
LOAD build/ir_encode.o
LOAD build/led.o
LOAD build/main.o
LOAD build/pattern.o
LOAD build/platform_hw.o
LOAD build/stm32f0xx_hal_msp.o
LOAD build/stm32f0xx_it.o
LOAD build/system_stm32f0xx.o
LOAD build/version.o
LOAD build/stm32f0xx_hal.o
LOAD build/stm32f0xx_hal_cortex.o
LOAD build/stm32f0xx_hal_dma.o
LOAD build/stm32f0xx_hal_flash.o
LOAD build/stm32f0xx_hal_flash_ex.o
LOAD build/stm32f0xx_hal_gpio.o
LOAD build/stm32f0xx_hal_i2c.o
LOAD build/stm32f0xx_hal_i2c_ex.o
LOAD build/stm32f0xx_hal_pwr.o
LOAD build/stm32f0xx_hal_pwr_ex.o
LOAD build/stm32f0xx_hal_rcc.o
LOAD build/stm32f0xx_hal_rcc_ex.o
LOAD build/stm32f0xx_hal_spi.o
LOAD build/stm32f0xx_hal_spi_ex.o
LOAD build/stm32f0xx_hal_tim.o
LOAD build/stm32f0xx_hal_tim_ex.o
LOAD build/stm32f0xx_hal_uart.o
LOAD build/stm32f0xx_hal_uart_ex.o
LOAD build/baf.o
LOAD build/yabi.o
LOAD build/startup_stm32f030x6.o
LOAD /usr/local/gcc-arm-none-eabi-6_2-2016q4/bin/../lib/gcc/arm-none-eabi/6.2.1/../../../../arm-none-eabi/lib/thumb/v6-m/libc_nano.a
LOAD /usr/local/gcc-arm-none-eabi-6_2-2016q4/bin/../lib/gcc/arm-none-eabi/6.2.1/../../../../arm-none-eabi/lib/thumb/v6-m/libnosys.a
LOAD /usr/local/gcc-arm-none-eabi-6_2-2016q4/bin/../lib/gcc/arm-none-eabi/6.2.1/../../../../arm-none-eabi/lib/thumb/v6-m/libm.a
START GROUP
LOAD /usr/local/gcc-arm-none-eabi-6_2-2016q4/bin/../lib/gcc/arm-none-eabi/6.2.1/thumb/v6-m/libgcc.a
LOAD /usr/local/gcc-arm-none-eabi-6_2-2016q4/bin/../lib/gcc/arm-none-eabi/6.2.1/../../../../arm-none-eabi/lib/thumb/v6-m/libc_nano.a
END GROUP
START GROUP
LOAD /usr/local/gcc-arm-none-eabi-6_2-2016q4/bin/../lib/gcc/arm-none-eabi/6.2.1/thumb/v6-m/libgcc.a
LOAD /usr/local/gcc-arm-none-eabi-6_2-2016q4/bin/../lib/gcc/arm-none-eabi/6.2.1/../../../../arm-none-eabi/lib/thumb/v6-m/libc_nano.a
END GROUP
LOAD /usr/local/gcc-arm-none-eabi-6_2-2016q4/bin/../lib/gcc/arm-none-eabi/6.2.1/thumb/v6-m/crtend.o
LOAD /usr/local/gcc-arm-none-eabi-6_2-2016q4/bin/../lib/gcc/arm-none-eabi/6.2.1/thumb/v6-m/crtn.o
                0x0000000020001000                _estack = 0x20001000
                0x0000000000000200                _Min_Heap_Size = 0x200
                0x0000000000000400                _Min_Stack_Size = 0x400

.isr_vector     0x0000000008000000       0xc0
                0x0000000008000000                . = ALIGN (0x4)
 *(.isr_vector)
 .isr_vector    0x0000000008000000       0xc0 build/startup_stm32f030x6.o
                0x0000000008000000                g_pfnVectors
                0x00000000080000c0                . = ALIGN (0x4)

.text           0x00000000080000c0     0x56a4
                0x00000000080000c0                . = ALIGN (0x4)
 *(.text)
 .text          0x00000000080000c0       0x60 /usr/local/gcc-arm-none-eabi-6_2-2016q4/bin/../lib/gcc/arm-none-eabi/6.2.1/thumb/v6-m/crtbegin.o
 .text          0x0000000008000120      0x8b4 /var/folders/40/3zrx_47s1b1ftkx4vzc9q9_00000gn/T//ccKn2cI2.ltrans1.ltrans.o
                0x0000000008000120                rolloverInterpolator.lto_priv.83
                0x00000000080002c0                led_UpdateChannels.lto_priv.81
                0x0000000008000310                led_YabiSetChannelCB.lto_priv.82
                0x0000000008000640                led_HwInit.lto_priv.84
                0x0000000008000774                bafRNGCB.lto_priv.77
                0x0000000008000786                led_SetChannelTimed
                0x00000000080007c0                ir_ResetPacket
                0x00000000080007d8                RC5_modifyLastBit.lto_priv.63
                0x0000000008000828                iprintf
                0x0000000008000938                bafAnimStopCB.lto_priv.79
                0x0000000008000948                bafAnimStartCB.lto_priv.78
                0x0000000008000958                bafChanGroupSetCB.lto_priv.80
                0x0000000008000988                bid_GetID
 .text          0x00000000080009d4      0x5d0 /var/folders/40/3zrx_47s1b1ftkx4vzc9q9_00000gn/T//ccKn2cI2.ltrans2.ltrans.o
                0x0000000008000a38                yabi_DefaultInterpolator.lto_priv.76
                0x0000000008000a88                HAL_TIM_Base_Init.constprop.41
                0x0000000008000bbc                HAL_TIM_PWM_ConfigChannel.constprop.37
                0x0000000008000c6c                crc_CRC8.constprop.35
                0x0000000008000ca0                HAL_SPI_Transmit.part.4.constprop.25
                0x0000000008000e4c                baf_giveTime.constprop.18
                0x0000000008000f4c                HAL_InitTick.constprop.6
                0x0000000008000f74                yabi_setChannel
 .text          0x0000000008000fa4      0x680 /var/folders/40/3zrx_47s1b1ftkx4vzc9q9_00000gn/T//ccKn2cI2.ltrans3.ltrans.o
                0x0000000008000fa4                yabi_giveTime
                0x0000000008001064                TIM_Base_SetConfig
                0x00000000080010e4                HAL_RCC_GetPCLK1Freq
                0x0000000008001104                HAL_RCC_GetSysClockFreq
                0x0000000008001168                HAL_GPIO_Init
                0x00000000080012c8                HAL_SYSTICK_Config
                0x00000000080012fc                SystemInit
                0x000000000800135c                TIM3_IRQHandler
                0x0000000008001410                TIM16_IRQHandler
                0x000000000800153c                EXTI0_1_IRQHandler
                0x0000000008001564                SysTick_Handler
                0x0000000008001574                pattern_SetBeaconInterval.lto_priv.85
 .text          0x0000000008001624       0x54 /usr/local/gcc-arm-none-eabi-6_2-2016q4/bin/../lib/gcc/arm-none-eabi/6.2.1/thumb/v6-m/libgcc.a(_muldi3.o)
                0x0000000008001624                __aeabi_lmul
                0x0000000008001624                __muldi3
 .text          0x0000000008001678       0x14 /usr/local/gcc-arm-none-eabi-6_2-2016q4/bin/../lib/gcc/arm-none-eabi/6.2.1/thumb/v6-m/libgcc.a(_thumb1_case_uqi.o)
                0x0000000008001678                __gnu_thumb1_case_uqi
 .text          0x000000000800168c       0x14 /usr/local/gcc-arm-none-eabi-6_2-2016q4/bin/../lib/gcc/arm-none-eabi/6.2.1/thumb/v6-m/libgcc.a(_thumb1_case_shi.o)
                0x000000000800168c                __gnu_thumb1_case_shi
 .text          0x00000000080016a0       0x14 /usr/local/gcc-arm-none-eabi-6_2-2016q4/bin/../lib/gcc/arm-none-eabi/6.2.1/thumb/v6-m/libgcc.a(_thumb1_case_uhi.o)
                0x00000000080016a0                __gnu_thumb1_case_uhi
 .text          0x00000000080016b4      0x114 /usr/local/gcc-arm-none-eabi-6_2-2016q4/bin/../lib/gcc/arm-none-eabi/6.2.1/thumb/v6-m/libgcc.a(_udivsi3.o)
                0x00000000080016b4                __udivsi3
                0x00000000080016b4                __aeabi_uidiv
                0x00000000080017c0                __aeabi_uidivmod
 .text          0x00000000080017c8      0x1d4 /usr/local/gcc-arm-none-eabi-6_2-2016q4/bin/../lib/gcc/arm-none-eabi/6.2.1/thumb/v6-m/libgcc.a(_divsi3.o)
                0x00000000080017c8                __aeabi_idiv
                0x00000000080017c8                __divsi3
                0x0000000008001994                __aeabi_idivmod
 .text          0x000000000800199c        0x4 /usr/local/gcc-arm-none-eabi-6_2-2016q4/bin/../lib/gcc/arm-none-eabi/6.2.1/thumb/v6-m/libgcc.a(_dvmd_tls.o)
                0x000000000800199c                __aeabi_ldiv0
                0x000000000800199c                __aeabi_idiv0
 .text          0x00000000080019a0       0x7c /usr/local/gcc-arm-none-eabi-6_2-2016q4/bin/../lib/gcc/arm-none-eabi/6.2.1/thumb/v6-m/libgcc.a(_arm_cmpdf2.o)
                0x00000000080019a0                __aeabi_cdrcmple
                0x00000000080019b0                __aeabi_cdcmple
                0x00000000080019b0                __aeabi_cdcmpeq
                0x00000000080019c0                __aeabi_dcmpeq
                0x00000000080019cc                __aeabi_dcmplt
                0x00000000080019e0                __aeabi_dcmple
                0x00000000080019f4                __aeabi_dcmpgt
                0x0000000008001a08                __aeabi_dcmpge
 .text          0x0000000008001a1c       0x74 /usr/local/gcc-arm-none-eabi-6_2-2016q4/bin/../lib/gcc/arm-none-eabi/6.2.1/thumb/v6-m/libgcc.a(_arm_cmpsf2.o)
                0x0000000008001a1c                __aeabi_cfrcmple
                0x0000000008001a24                __aeabi_cfcmple
                0x0000000008001a24                __aeabi_cfcmpeq
                0x0000000008001a34                __aeabi_fcmpeq
                0x0000000008001a40                __aeabi_fcmplt
                0x0000000008001a54                __aeabi_fcmple
                0x0000000008001a68                __aeabi_fcmpgt
                0x0000000008001a7c                __aeabi_fcmpge
 .text          0x0000000008001a90       0x30 /usr/local/gcc-arm-none-eabi-6_2-2016q4/bin/../lib/gcc/arm-none-eabi/6.2.1/thumb/v6-m/libgcc.a(_fixunssfsi.o)
                0x0000000008001a90                __aeabi_f2uiz
                0x0000000008001a90                __fixunssfsi
 .text          0x0000000008001ac0       0x3c /usr/local/gcc-arm-none-eabi-6_2-2016q4/bin/../lib/gcc/arm-none-eabi/6.2.1/thumb/v6-m/libgcc.a(_fixunsdfsi.o)
                0x0000000008001ac0                __fixunsdfsi
                0x0000000008001ac0                __aeabi_d2uiz
 .text          0x0000000008001afc      0x324 /usr/local/gcc-arm-none-eabi-6_2-2016q4/bin/../lib/gcc/arm-none-eabi/6.2.1/thumb/v6-m/libgcc.a(addsf3.o)
                0x0000000008001afc                __aeabi_fadd
 .text          0x0000000008001e20      0x290 /usr/local/gcc-arm-none-eabi-6_2-2016q4/bin/../lib/gcc/arm-none-eabi/6.2.1/thumb/v6-m/libgcc.a(divsf3.o)
                0x0000000008001e20                __aeabi_fdiv
 .text          0x00000000080020b0       0x4c /usr/local/gcc-arm-none-eabi-6_2-2016q4/bin/../lib/gcc/arm-none-eabi/6.2.1/thumb/v6-m/libgcc.a(eqsf2.o)
                0x00000000080020b0                __nesf2
                0x00000000080020b0                __eqsf2
 .text          0x00000000080020fc       0x80 /usr/local/gcc-arm-none-eabi-6_2-2016q4/bin/../lib/gcc/arm-none-eabi/6.2.1/thumb/v6-m/libgcc.a(gesf2.o)
                0x00000000080020fc                __gtsf2
                0x00000000080020fc                __gesf2
 .text          0x000000000800217c       0x84 /usr/local/gcc-arm-none-eabi-6_2-2016q4/bin/../lib/gcc/arm-none-eabi/6.2.1/thumb/v6-m/libgcc.a(lesf2.o)
                0x000000000800217c                __lesf2
                0x000000000800217c                __ltsf2
 .text          0x0000000008002200      0x240 /usr/local/gcc-arm-none-eabi-6_2-2016q4/bin/../lib/gcc/arm-none-eabi/6.2.1/thumb/v6-m/libgcc.a(mulsf3.o)
                0x0000000008002200                __aeabi_fmul
 .text          0x0000000008002440      0x338 /usr/local/gcc-arm-none-eabi-6_2-2016q4/bin/../lib/gcc/arm-none-eabi/6.2.1/thumb/v6-m/libgcc.a(subsf3.o)
                0x0000000008002440                __aeabi_fsub
 .text          0x0000000008002778       0x40 /usr/local/gcc-arm-none-eabi-6_2-2016q4/bin/../lib/gcc/arm-none-eabi/6.2.1/thumb/v6-m/libgcc.a(fixsfsi.o)
                0x0000000008002778                __aeabi_f2iz
 .text          0x00000000080027b8       0xa0 /usr/local/gcc-arm-none-eabi-6_2-2016q4/bin/../lib/gcc/arm-none-eabi/6.2.1/thumb/v6-m/libgcc.a(floatsisf.o)
                0x00000000080027b8                __aeabi_i2f
 .text          0x0000000008002858       0x8c /usr/local/gcc-arm-none-eabi-6_2-2016q4/bin/../lib/gcc/arm-none-eabi/6.2.1/thumb/v6-m/libgcc.a(floatunsisf.o)
                0x0000000008002858                __aeabi_ui2f
 .text          0x00000000080028e4      0x620 /usr/local/gcc-arm-none-eabi-6_2-2016q4/bin/../lib/gcc/arm-none-eabi/6.2.1/thumb/v6-m/libgcc.a(adddf3.o)
                0x00000000080028e4                __aeabi_dadd
 .text          0x0000000008002f04      0x668 /usr/local/gcc-arm-none-eabi-6_2-2016q4/bin/../lib/gcc/arm-none-eabi/6.2.1/thumb/v6-m/libgcc.a(divdf3.o)
                0x0000000008002f04                __aeabi_ddiv
 .text          0x000000000800356c       0x74 /usr/local/gcc-arm-none-eabi-6_2-2016q4/bin/../lib/gcc/arm-none-eabi/6.2.1/thumb/v6-m/libgcc.a(eqdf2.o)
                0x000000000800356c                __eqdf2
                0x000000000800356c                __nedf2
 .text          0x00000000080035e0       0xc8 /usr/local/gcc-arm-none-eabi-6_2-2016q4/bin/../lib/gcc/arm-none-eabi/6.2.1/thumb/v6-m/libgcc.a(gedf2.o)
                0x00000000080035e0                __gtdf2
                0x00000000080035e0                __gedf2
 .text          0x00000000080036a8       0xc4 /usr/local/gcc-arm-none-eabi-6_2-2016q4/bin/../lib/gcc/arm-none-eabi/6.2.1/thumb/v6-m/libgcc.a(ledf2.o)
                0x00000000080036a8                __ltdf2
                0x00000000080036a8                __ledf2
 .text          0x000000000800376c      0x500 /usr/local/gcc-arm-none-eabi-6_2-2016q4/bin/../lib/gcc/arm-none-eabi/6.2.1/thumb/v6-m/libgcc.a(muldf3.o)
                0x000000000800376c                __aeabi_dmul
 .text          0x0000000008003c6c      0x62c /usr/local/gcc-arm-none-eabi-6_2-2016q4/bin/../lib/gcc/arm-none-eabi/6.2.1/thumb/v6-m/libgcc.a(subdf3.o)
                0x0000000008003c6c                __aeabi_dsub
 .text          0x0000000008004298       0x68 /usr/local/gcc-arm-none-eabi-6_2-2016q4/bin/../lib/gcc/arm-none-eabi/6.2.1/thumb/v6-m/libgcc.a(fixdfsi.o)
                0x0000000008004298                __aeabi_d2iz
 .text          0x0000000008004300       0x84 /usr/local/gcc-arm-none-eabi-6_2-2016q4/bin/../lib/gcc/arm-none-eabi/6.2.1/thumb/v6-m/libgcc.a(floatsidf.o)
                0x0000000008004300                __aeabi_i2d
 .text          0x0000000008004384       0xa4 /usr/local/gcc-arm-none-eabi-6_2-2016q4/bin/../lib/gcc/arm-none-eabi/6.2.1/thumb/v6-m/libgcc.a(extendsfdf2.o)
                0x0000000008004384                __aeabi_f2d
 .text          0x0000000008004428      0x114 /usr/local/gcc-arm-none-eabi-6_2-2016q4/bin/../lib/gcc/arm-none-eabi/6.2.1/thumb/v6-m/libgcc.a(truncdfsf2.o)
                0x0000000008004428                __aeabi_d2f
 .text          0x000000000800453c       0x3c /usr/local/gcc-arm-none-eabi-6_2-2016q4/bin/../lib/gcc/arm-none-eabi/6.2.1/thumb/v6-m/libgcc.a(_clzsi2.o)
                0x000000000800453c                __clzsi2
 *(.text*)
 .text.startup  0x0000000008004578      0xd30 /var/folders/40/3zrx_47s1b1ftkx4vzc9q9_00000gn/T//ccKn2cI2.ltrans0.ltrans.o
                0x0000000008004578                main
 .text.unlikely
                0x00000000080052a8       0x20 /var/folders/40/3zrx_47s1b1ftkx4vzc9q9_00000gn/T//ccKn2cI2.ltrans3.ltrans.o
                0x00000000080052a8                Error_Handler.lto_priv.86
 .text.Reset_Handler
                0x00000000080052c8       0x50 build/startup_stm32f030x6.o
                0x00000000080052c8                Reset_Handler
 .text.Default_Handler
                0x0000000008005318        0x2 build/startup_stm32f030x6.o
                0x0000000008005318                TIM1_BRK_UP_TRG_COM_IRQHandler
                0x0000000008005318                HardFault_Handler
                0x0000000008005318                PendSV_Handler
                0x0000000008005318                NMI_Handler
                0x0000000008005318                I2C1_IRQHandler
                0x0000000008005318                SPI1_IRQHandler
                0x0000000008005318                EXTI2_3_IRQHandler
                0x0000000008005318                ADC1_IRQHandler
                0x0000000008005318                TIM17_IRQHandler
                0x0000000008005318                RTC_IRQHandler
                0x0000000008005318                EXTI4_15_IRQHandler
                0x0000000008005318                RCC_IRQHandler
                0x0000000008005318                DMA1_Channel1_IRQHandler
                0x0000000008005318                Default_Handler
                0x0000000008005318                TIM14_IRQHandler
                0x0000000008005318                DMA1_Channel4_5_IRQHandler
                0x0000000008005318                SVC_Handler
                0x0000000008005318                WWDG_IRQHandler
                0x0000000008005318                DMA1_Channel2_3_IRQHandler
                0x0000000008005318                FLASH_IRQHandler
                0x0000000008005318                USART1_IRQHandler
                0x0000000008005318                TIM1_CC_IRQHandler
 *fill*         0x000000000800531a        0x2 
 .text.__libc_init_array
                0x000000000800531c       0x48 /usr/local/gcc-arm-none-eabi-6_2-2016q4/bin/../lib/gcc/arm-none-eabi/6.2.1/../../../../arm-none-eabi/lib/thumb/v6-m/libc_nano.a(lib_a-init.o)
                0x000000000800531c                __libc_init_array
 .text.memset   0x0000000008005364       0x10 /usr/local/gcc-arm-none-eabi-6_2-2016q4/bin/../lib/gcc/arm-none-eabi/6.2.1/../../../../arm-none-eabi/lib/thumb/v6-m/libc_nano.a(lib_a-memset.o)
                0x0000000008005364                memset
 .text.srand    0x0000000008005374       0x5c /usr/local/gcc-arm-none-eabi-6_2-2016q4/bin/../lib/gcc/arm-none-eabi/6.2.1/../../../../arm-none-eabi/lib/thumb/v6-m/libc_nano.a(lib_a-rand.o)
                0x0000000008005374                srand
 .text.rand     0x00000000080053d0       0x78 /usr/local/gcc-arm-none-eabi-6_2-2016q4/bin/../lib/gcc/arm-none-eabi/6.2.1/../../../../arm-none-eabi/lib/thumb/v6-m/libc_nano.a(lib_a-rand.o)
                0x00000000080053d0                rand
 .text.malloc   0x0000000008005448       0x14 /usr/local/gcc-arm-none-eabi-6_2-2016q4/bin/../lib/gcc/arm-none-eabi/6.2.1/../../../../arm-none-eabi/lib/thumb/v6-m/libc_nano.a(lib_a-malloc.o)
                0x0000000008005448                malloc
 .text._malloc_r
                0x000000000800545c       0xbc /usr/local/gcc-arm-none-eabi-6_2-2016q4/bin/../lib/gcc/arm-none-eabi/6.2.1/../../../../arm-none-eabi/lib/thumb/v6-m/libc_nano.a(lib_a-nano-mallocr.o)
                0x000000000800545c                _malloc_r
 .text._sbrk_r  0x0000000008005518       0x24 /usr/local/gcc-arm-none-eabi-6_2-2016q4/bin/../lib/gcc/arm-none-eabi/6.2.1/../../../../arm-none-eabi/lib/thumb/v6-m/libc_nano.a(lib_a-sbrkr.o)
                0x0000000008005518                _sbrk_r
 .text.__malloc_lock
                0x000000000800553c        0x2 /usr/local/gcc-arm-none-eabi-6_2-2016q4/bin/../lib/gcc/arm-none-eabi/6.2.1/../../../../arm-none-eabi/lib/thumb/v6-m/libc_nano.a(lib_a-mlock.o)
                0x000000000800553c                __malloc_lock
 .text.__malloc_unlock
                0x000000000800553e        0x2 /usr/local/gcc-arm-none-eabi-6_2-2016q4/bin/../lib/gcc/arm-none-eabi/6.2.1/../../../../arm-none-eabi/lib/thumb/v6-m/libc_nano.a(lib_a-mlock.o)
                0x000000000800553e                __malloc_unlock
 .text._sbrk    0x0000000008005540       0x1c /usr/local/gcc-arm-none-eabi-6_2-2016q4/bin/../lib/gcc/arm-none-eabi/6.2.1/../../../../arm-none-eabi/lib/thumb/v6-m/libnosys.a(sbrk.o)
                0x0000000008005540                _sbrk
 .text.memcpy   0x000000000800555c       0x12 /usr/local/gcc-arm-none-eabi-6_2-2016q4/bin/../lib/gcc/arm-none-eabi/6.2.1/../../../../arm-none-eabi/lib/thumb/v6-m/libc_nano.a(lib_a-memcpy-stub.o)
                0x000000000800555c                memcpy
 *fill*         0x000000000800556e        0x2 
 .text.floor    0x0000000008005570      0x130 /usr/local/gcc-arm-none-eabi-6_2-2016q4/bin/../lib/gcc/arm-none-eabi/6.2.1/../../../../arm-none-eabi/lib/thumb/v6-m/libm.a(lib_a-s_floor.o)
                0x0000000008005570                floor
 .text.round    0x00000000080056a0       0xac /usr/local/gcc-arm-none-eabi-6_2-2016q4/bin/../lib/gcc/arm-none-eabi/6.2.1/../../../../arm-none-eabi/lib/thumb/v6-m/libm.a(lib_a-s_round.o)
                0x00000000080056a0                round
 *(.glue_7)
 .glue_7        0x000000000800574c        0x0 linker stubs
 *(.glue_7t)
 .glue_7t       0x000000000800574c        0x0 linker stubs
 *(.eh_frame)
 .eh_frame      0x000000000800574c        0x0 /usr/local/gcc-arm-none-eabi-6_2-2016q4/bin/../lib/gcc/arm-none-eabi/6.2.1/thumb/v6-m/crtbegin.o
 *(.init)
 .init          0x000000000800574c        0x4 /usr/local/gcc-arm-none-eabi-6_2-2016q4/bin/../lib/gcc/arm-none-eabi/6.2.1/thumb/v6-m/crti.o
                0x000000000800574c                _init
 .init          0x0000000008005750        0x8 /usr/local/gcc-arm-none-eabi-6_2-2016q4/bin/../lib/gcc/arm-none-eabi/6.2.1/thumb/v6-m/crtn.o
 *(.fini)
 .fini          0x0000000008005758        0x4 /usr/local/gcc-arm-none-eabi-6_2-2016q4/bin/../lib/gcc/arm-none-eabi/6.2.1/thumb/v6-m/crti.o
                0x0000000008005758                _fini
 .fini          0x000000000800575c        0x8 /usr/local/gcc-arm-none-eabi-6_2-2016q4/bin/../lib/gcc/arm-none-eabi/6.2.1/thumb/v6-m/crtn.o
                0x0000000008005764                . = ALIGN (0x4)
                0x0000000008005764                _etext = .

.vfp11_veneer   0x0000000008005764        0x0
 .vfp11_veneer  0x0000000008005764        0x0 linker stubs

.v4_bx          0x0000000008005764        0x0
 .v4_bx         0x0000000008005764        0x0 linker stubs

.iplt           0x0000000008005764        0x0
 .iplt          0x0000000008005764        0x0 /usr/local/gcc-arm-none-eabi-6_2-2016q4/bin/../lib/gcc/arm-none-eabi/6.2.1/thumb/v6-m/crtbegin.o

.rodata         0x0000000008005764      0x470
                0x0000000008005764                . = ALIGN (0x4)
 *(.rodata)
 .rodata        0x0000000008005764       0x44 /var/folders/40/3zrx_47s1b1ftkx4vzc9q9_00000gn/T//ccKn2cI2.ltrans0.ltrans.o
 .rodata        0x00000000080057a8        0x8 /var/folders/40/3zrx_47s1b1ftkx4vzc9q9_00000gn/T//ccKn2cI2.ltrans1.ltrans.o
 .rodata        0x00000000080057b0       0x3a /var/folders/40/3zrx_47s1b1ftkx4vzc9q9_00000gn/T//ccKn2cI2.ltrans3.ltrans.o
 *fill*         0x00000000080057ea        0x2 
 .rodata        0x00000000080057ec       0x80 /usr/local/gcc-arm-none-eabi-6_2-2016q4/bin/../lib/gcc/arm-none-eabi/6.2.1/thumb/v6-m/libgcc.a(divsf3.o)
 .rodata        0x000000000800586c       0x40 /usr/local/gcc-arm-none-eabi-6_2-2016q4/bin/../lib/gcc/arm-none-eabi/6.2.1/thumb/v6-m/libgcc.a(mulsf3.o)
 .rodata        0x00000000080058ac       0x40 /usr/local/gcc-arm-none-eabi-6_2-2016q4/bin/../lib/gcc/arm-none-eabi/6.2.1/thumb/v6-m/libgcc.a(divdf3.o)
 .rodata        0x00000000080058ec       0x40 /usr/local/gcc-arm-none-eabi-6_2-2016q4/bin/../lib/gcc/arm-none-eabi/6.2.1/thumb/v6-m/libgcc.a(muldf3.o)
 *(.rodata*)
 .rodata.str1.1
                0x000000000800592c      0x1b4 /var/folders/40/3zrx_47s1b1ftkx4vzc9q9_00000gn/T//ccKn2cI2.ltrans0.ltrans.o
                                        0x1b7 (size before relaxing)
 .rodata.str1.1
                0x0000000008005ae0       0x71 /var/folders/40/3zrx_47s1b1ftkx4vzc9q9_00000gn/T//ccKn2cI2.ltrans1.ltrans.o
 .rodata.str1.1
                0x0000000008005b51       0x83 /var/folders/40/3zrx_47s1b1ftkx4vzc9q9_00000gn/T//ccKn2cI2.ltrans3.ltrans.o
                0x0000000008005bd4                . = ALIGN (0x4)

.rel.dyn        0x0000000008005bd4        0x0
 .rel.iplt      0x0000000008005bd4        0x0 /usr/local/gcc-arm-none-eabi-6_2-2016q4/bin/../lib/gcc/arm-none-eabi/6.2.1/thumb/v6-m/crtbegin.o

.ARM.extab
 *(.ARM.extab* .gnu.linkonce.armextab.*)

.ARM            0x0000000008005bd4        0x0
                0x0000000008005bd4                __exidx_start = .
 *(.ARM.exidx*)
                0x0000000008005bd4                __exidx_end = .

.preinit_array  0x0000000008005bd4        0x0
                0x0000000008005bd4                PROVIDE (__preinit_array_start, .)
 *(.preinit_array*)
                0x0000000008005bd4                PROVIDE (__preinit_array_end, .)

.init_array     0x0000000008005bd4        0x4
                0x0000000008005bd4                PROVIDE (__init_array_start, .)
 *(SORT(.init_array.*))
 *(.init_array*)
 .init_array    0x0000000008005bd4        0x4 /usr/local/gcc-arm-none-eabi-6_2-2016q4/bin/../lib/gcc/arm-none-eabi/6.2.1/thumb/v6-m/crtbegin.o
                0x0000000008005bd8                PROVIDE (__init_array_end, .)

.fini_array     0x0000000008005bd8        0x4
                [!provide]                        PROVIDE (__fini_array_start, .)
 *(SORT(.fini_array.*))
 *(.fini_array*)
 .fini_array    0x0000000008005bd8        0x4 /usr/local/gcc-arm-none-eabi-6_2-2016q4/bin/../lib/gcc/arm-none-eabi/6.2.1/thumb/v6-m/crtbegin.o
                [!provide]                        PROVIDE (__fini_array_end, .)
                0x0000000008005bdc                _sidata = LOADADDR (.data)

.data           0x0000000020000000       0xc4 load address 0x0000000008005bdc
                0x0000000020000000                . = ALIGN (0x4)
                0x0000000020000000                _sdata = .
 *(.data)
 .data          0x0000000020000000       0x28 /var/folders/40/3zrx_47s1b1ftkx4vzc9q9_00000gn/T//ccKn2cI2.ltrans1.ltrans.o
 .data          0x0000000020000028        0x4 /var/folders/40/3zrx_47s1b1ftkx4vzc9q9_00000gn/T//ccKn2cI2.ltrans2.ltrans.o
                0x0000000020000028                SystemCoreClock
 .data          0x000000002000002c       0x34 /var/folders/40/3zrx_47s1b1ftkx4vzc9q9_00000gn/T//ccKn2cI2.ltrans3.ltrans.o
                0x0000000020000030                AnimRGBFade.lto_priv.68
 *(.data*)
 .data._impure_ptr
                0x0000000020000060        0x4 /usr/local/gcc-arm-none-eabi-6_2-2016q4/bin/../lib/gcc/arm-none-eabi/6.2.1/../../../../arm-none-eabi/lib/thumb/v6-m/libc_nano.a(lib_a-impure.o)
                0x0000000020000060                _impure_ptr
 .data.impure_data
                0x0000000020000064       0x60 /usr/local/gcc-arm-none-eabi-6_2-2016q4/bin/../lib/gcc/arm-none-eabi/6.2.1/../../../../arm-none-eabi/lib/thumb/v6-m/libc_nano.a(lib_a-impure.o)
                0x00000000200000c4                . = ALIGN (0x4)
                0x00000000200000c4                _edata = .

.jcr            0x00000000200000c4        0x0 load address 0x0000000008005ca0
 .jcr           0x00000000200000c4        0x0 /usr/local/gcc-arm-none-eabi-6_2-2016q4/bin/../lib/gcc/arm-none-eabi/6.2.1/thumb/v6-m/crtbegin.o

.igot.plt       0x00000000200000c4        0x0 load address 0x0000000008005ca0
 .igot.plt      0x00000000200000c4        0x0 /usr/local/gcc-arm-none-eabi-6_2-2016q4/bin/../lib/gcc/arm-none-eabi/6.2.1/thumb/v6-m/crtbegin.o
                0x00000000200000c4                . = ALIGN (0x4)

.bss            0x00000000200000c4      0x570 load address 0x0000000008005ca0
                0x00000000200000c4                _sbss = .
                0x00000000200000c4                __bss_start__ = _sbss
 *(.bss)
 .bss           0x00000000200000c4       0x1c /usr/local/gcc-arm-none-eabi-6_2-2016q4/bin/../lib/gcc/arm-none-eabi/6.2.1/thumb/v6-m/crtbegin.o
 .bss           0x00000000200000e0       0x87 /var/folders/40/3zrx_47s1b1ftkx4vzc9q9_00000gn/T//ccKn2cI2.ltrans0.ltrans.o
                0x00000000200000e0                huart1
                0x0000000020000166                RC5FrameReceived
 *fill*         0x0000000020000167        0x1 
 .bss           0x0000000020000168       0x60 /var/folders/40/3zrx_47s1b1ftkx4vzc9q9_00000gn/T//ccKn2cI2.ltrans2.ltrans.o
                0x0000000020000168                uwTick
                0x000000002000016c                state.lto_priv.61
                0x0000000020000190                state.lto_priv.62
 .bss           0x00000000200001c8      0x108 /var/folders/40/3zrx_47s1b1ftkx4vzc9q9_00000gn/T//ccKn2cI2.ltrans3.ltrans.o
                0x00000000200001c8                htim3
                0x000000002000020c                RC5MinT.lto_priv.70
                0x000000002000020e                RC5MaxT.lto_priv.71
                0x0000000020000210                RC5Min2T.lto_priv.72
                0x0000000020000212                RC5Max2T.lto_priv.73
                0x0000000020000214                RC5TmpPacket
                0x000000002000021a                Send_Operation_Ready.lto_priv.67
                0x000000002000021c                RC5_FrameManchestarFormat.lto_priv.66
                0x0000000020000220                htim17.lto_priv.74
                0x0000000020000260                htim16
                0x00000000200002a0                BeaconClockRampPosition.lto_priv.69
                0x00000000200002a2                HueClockPeriod.lto_priv.64
                0x00000000200002a4                BeaconClockInterval.lto_priv.65
                0x00000000200002a8                animationChannelIDs.lto_priv.75
 *(.bss*)
 .bss.state     0x00000000200002d0      0x354 /var/folders/40/3zrx_47s1b1ftkx4vzc9q9_00000gn/T//ccKn2cI2.ltrans2.ltrans.o
                0x00000000200002d0                state.lto_priv.60
 .bss.__malloc_free_list
                0x0000000020000624        0x4 /usr/local/gcc-arm-none-eabi-6_2-2016q4/bin/../lib/gcc/arm-none-eabi/6.2.1/../../../../arm-none-eabi/lib/thumb/v6-m/libc_nano.a(lib_a-nano-mallocr.o)
                0x0000000020000624                __malloc_free_list
 .bss.__malloc_sbrk_start
                0x0000000020000628        0x4 /usr/local/gcc-arm-none-eabi-6_2-2016q4/bin/../lib/gcc/arm-none-eabi/6.2.1/../../../../arm-none-eabi/lib/thumb/v6-m/libc_nano.a(lib_a-nano-mallocr.o)
                0x0000000020000628                __malloc_sbrk_start
 .bss.heap_end.4116
                0x000000002000062c        0x4 /usr/local/gcc-arm-none-eabi-6_2-2016q4/bin/../lib/gcc/arm-none-eabi/6.2.1/../../../../arm-none-eabi/lib/thumb/v6-m/libnosys.a(sbrk.o)
 *(COMMON)
 COMMON         0x0000000020000630        0x4 /usr/local/gcc-arm-none-eabi-6_2-2016q4/bin/../lib/gcc/arm-none-eabi/6.2.1/../../../../arm-none-eabi/lib/thumb/v6-m/libc_nano.a(lib_a-reent.o)
                0x0000000020000630                errno
                0x0000000020000634                . = ALIGN (0x4)
                0x0000000020000634                _ebss = .
                0x0000000020000634                __bss_end__ = _ebss

._user_heap_stack
                0x0000000020000634      0x604 load address 0x0000000008005ca0
                0x0000000020000638                . = ALIGN (0x8)
 *fill*         0x0000000020000634        0x4 
                0x0000000020000638                PROVIDE (end, .)
                [!provide]                        PROVIDE (_end, .)
                0x0000000020000838                . = (. + _Min_Heap_Size)
 *fill*         0x0000000020000638      0x200 
                0x0000000020000c38                . = (. + _Min_Stack_Size)
 *fill*         0x0000000020000838      0x400 
                0x0000000020000c38                . = ALIGN (0x8)

/DISCARD/
 libc.a(*)
 libm.a(*)
 libgcc.a(*)

.ARM.attributes
                0x0000000000000000       0x28
 *(.ARM.attributes)
 .ARM.attributes
                0x0000000000000000       0x1e /usr/local/gcc-arm-none-eabi-6_2-2016q4/bin/../lib/gcc/arm-none-eabi/6.2.1/thumb/v6-m/crti.o
 .ARM.attributes
                0x000000000000001e       0x2c /usr/local/gcc-arm-none-eabi-6_2-2016q4/bin/../lib/gcc/arm-none-eabi/6.2.1/thumb/v6-m/crtbegin.o
 .ARM.attributes
                0x000000000000004a       0x2f /var/folders/40/3zrx_47s1b1ftkx4vzc9q9_00000gn/T//ccKn2cI2.ltrans0.ltrans.o
 .ARM.attributes
                0x0000000000000079       0x2f /var/folders/40/3zrx_47s1b1ftkx4vzc9q9_00000gn/T//ccKn2cI2.ltrans1.ltrans.o
 .ARM.attributes
                0x00000000000000a8       0x2f /var/folders/40/3zrx_47s1b1ftkx4vzc9q9_00000gn/T//ccKn2cI2.ltrans2.ltrans.o
 .ARM.attributes
                0x00000000000000d7       0x2f /var/folders/40/3zrx_47s1b1ftkx4vzc9q9_00000gn/T//ccKn2cI2.ltrans3.ltrans.o
 .ARM.attributes
                0x0000000000000106       0x21 build/startup_stm32f030x6.o
 .ARM.attributes
                0x0000000000000127       0x2c /usr/local/gcc-arm-none-eabi-6_2-2016q4/bin/../lib/gcc/arm-none-eabi/6.2.1/../../../../arm-none-eabi/lib/thumb/v6-m/libc_nano.a(lib_a-impure.o)
 .ARM.attributes
                0x0000000000000153       0x2c /usr/local/gcc-arm-none-eabi-6_2-2016q4/bin/../lib/gcc/arm-none-eabi/6.2.1/../../../../arm-none-eabi/lib/thumb/v6-m/libc_nano.a(lib_a-init.o)
 .ARM.attributes
                0x000000000000017f       0x2c /usr/local/gcc-arm-none-eabi-6_2-2016q4/bin/../lib/gcc/arm-none-eabi/6.2.1/../../../../arm-none-eabi/lib/thumb/v6-m/libc_nano.a(lib_a-memset.o)
 .ARM.attributes
                0x00000000000001ab       0x2c /usr/local/gcc-arm-none-eabi-6_2-2016q4/bin/../lib/gcc/arm-none-eabi/6.2.1/../../../../arm-none-eabi/lib/thumb/v6-m/libc_nano.a(lib_a-rand.o)
 .ARM.attributes
                0x00000000000001d7       0x2c /usr/local/gcc-arm-none-eabi-6_2-2016q4/bin/../lib/gcc/arm-none-eabi/6.2.1/../../../../arm-none-eabi/lib/thumb/v6-m/libc_nano.a(lib_a-malloc.o)
 .ARM.attributes
                0x0000000000000203       0x2c /usr/local/gcc-arm-none-eabi-6_2-2016q4/bin/../lib/gcc/arm-none-eabi/6.2.1/../../../../arm-none-eabi/lib/thumb/v6-m/libc_nano.a(lib_a-nano-mallocr.o)
 .ARM.attributes
                0x000000000000022f       0x2c /usr/local/gcc-arm-none-eabi-6_2-2016q4/bin/../lib/gcc/arm-none-eabi/6.2.1/../../../../arm-none-eabi/lib/thumb/v6-m/libc_nano.a(lib_a-sbrkr.o)
 .ARM.attributes
                0x000000000000025b       0x2c /usr/local/gcc-arm-none-eabi-6_2-2016q4/bin/../lib/gcc/arm-none-eabi/6.2.1/../../../../arm-none-eabi/lib/thumb/v6-m/libc_nano.a(lib_a-mlock.o)
 .ARM.attributes
                0x0000000000000287       0x2c /usr/local/gcc-arm-none-eabi-6_2-2016q4/bin/../lib/gcc/arm-none-eabi/6.2.1/../../../../arm-none-eabi/lib/thumb/v6-m/libc_nano.a(lib_a-reent.o)
 .ARM.attributes
                0x00000000000002b3       0x2c /usr/local/gcc-arm-none-eabi-6_2-2016q4/bin/../lib/gcc/arm-none-eabi/6.2.1/../../../../arm-none-eabi/lib/thumb/v6-m/libnosys.a(sbrk.o)
 .ARM.attributes
                0x00000000000002df       0x2c /usr/local/gcc-arm-none-eabi-6_2-2016q4/bin/../lib/gcc/arm-none-eabi/6.2.1/thumb/v6-m/libgcc.a(_muldi3.o)
 .ARM.attributes
                0x000000000000030b       0x1e /usr/local/gcc-arm-none-eabi-6_2-2016q4/bin/../lib/gcc/arm-none-eabi/6.2.1/thumb/v6-m/crtn.o
 .ARM.attributes
                0x0000000000000329       0x2c /usr/local/gcc-arm-none-eabi-6_2-2016q4/bin/../lib/gcc/arm-none-eabi/6.2.1/../../../../arm-none-eabi/lib/thumb/v6-m/libc_nano.a(lib_a-memcpy-stub.o)
 .ARM.attributes
                0x0000000000000355       0x2c /usr/local/gcc-arm-none-eabi-6_2-2016q4/bin/../lib/gcc/arm-none-eabi/6.2.1/../../../../arm-none-eabi/lib/thumb/v6-m/libm.a(lib_a-s_floor.o)
 .ARM.attributes
                0x0000000000000381       0x2c /usr/local/gcc-arm-none-eabi-6_2-2016q4/bin/../lib/gcc/arm-none-eabi/6.2.1/../../../../arm-none-eabi/lib/thumb/v6-m/libm.a(lib_a-s_round.o)
 .ARM.attributes
                0x00000000000003ad       0x1e /usr/local/gcc-arm-none-eabi-6_2-2016q4/bin/../lib/gcc/arm-none-eabi/6.2.1/thumb/v6-m/libgcc.a(_thumb1_case_uqi.o)
 .ARM.attributes
                0x00000000000003cb       0x1e /usr/local/gcc-arm-none-eabi-6_2-2016q4/bin/../lib/gcc/arm-none-eabi/6.2.1/thumb/v6-m/libgcc.a(_thumb1_case_shi.o)
 .ARM.attributes
                0x00000000000003e9       0x1e /usr/local/gcc-arm-none-eabi-6_2-2016q4/bin/../lib/gcc/arm-none-eabi/6.2.1/thumb/v6-m/libgcc.a(_thumb1_case_uhi.o)
 .ARM.attributes
                0x0000000000000407       0x1e /usr/local/gcc-arm-none-eabi-6_2-2016q4/bin/../lib/gcc/arm-none-eabi/6.2.1/thumb/v6-m/libgcc.a(_udivsi3.o)
 .ARM.attributes
                0x0000000000000425       0x1e /usr/local/gcc-arm-none-eabi-6_2-2016q4/bin/../lib/gcc/arm-none-eabi/6.2.1/thumb/v6-m/libgcc.a(_divsi3.o)
 .ARM.attributes
                0x0000000000000443       0x1e /usr/local/gcc-arm-none-eabi-6_2-2016q4/bin/../lib/gcc/arm-none-eabi/6.2.1/thumb/v6-m/libgcc.a(_dvmd_tls.o)
 .ARM.attributes
                0x0000000000000461       0x1e /usr/local/gcc-arm-none-eabi-6_2-2016q4/bin/../lib/gcc/arm-none-eabi/6.2.1/thumb/v6-m/libgcc.a(_arm_cmpdf2.o)
 .ARM.attributes
                0x000000000000047f       0x1e /usr/local/gcc-arm-none-eabi-6_2-2016q4/bin/../lib/gcc/arm-none-eabi/6.2.1/thumb/v6-m/libgcc.a(_arm_cmpsf2.o)
 .ARM.attributes
                0x000000000000049d       0x2c /usr/local/gcc-arm-none-eabi-6_2-2016q4/bin/../lib/gcc/arm-none-eabi/6.2.1/thumb/v6-m/libgcc.a(_fixunssfsi.o)
 .ARM.attributes
                0x00000000000004c9       0x2c /usr/local/gcc-arm-none-eabi-6_2-2016q4/bin/../lib/gcc/arm-none-eabi/6.2.1/thumb/v6-m/libgcc.a(_fixunsdfsi.o)
 .ARM.attributes
                0x00000000000004f5       0x2c /usr/local/gcc-arm-none-eabi-6_2-2016q4/bin/../lib/gcc/arm-none-eabi/6.2.1/thumb/v6-m/libgcc.a(addsf3.o)
 .ARM.attributes
                0x0000000000000521       0x2c /usr/local/gcc-arm-none-eabi-6_2-2016q4/bin/../lib/gcc/arm-none-eabi/6.2.1/thumb/v6-m/libgcc.a(divsf3.o)
 .ARM.attributes
                0x000000000000054d       0x2c /usr/local/gcc-arm-none-eabi-6_2-2016q4/bin/../lib/gcc/arm-none-eabi/6.2.1/thumb/v6-m/libgcc.a(eqsf2.o)
 .ARM.attributes
                0x0000000000000579       0x2c /usr/local/gcc-arm-none-eabi-6_2-2016q4/bin/../lib/gcc/arm-none-eabi/6.2.1/thumb/v6-m/libgcc.a(gesf2.o)
 .ARM.attributes
                0x00000000000005a5       0x2c /usr/local/gcc-arm-none-eabi-6_2-2016q4/bin/../lib/gcc/arm-none-eabi/6.2.1/thumb/v6-m/libgcc.a(lesf2.o)
 .ARM.attributes
                0x00000000000005d1       0x2c /usr/local/gcc-arm-none-eabi-6_2-2016q4/bin/../lib/gcc/arm-none-eabi/6.2.1/thumb/v6-m/libgcc.a(mulsf3.o)
 .ARM.attributes
                0x00000000000005fd       0x2c /usr/local/gcc-arm-none-eabi-6_2-2016q4/bin/../lib/gcc/arm-none-eabi/6.2.1/thumb/v6-m/libgcc.a(subsf3.o)
 .ARM.attributes
                0x0000000000000629       0x2c /usr/local/gcc-arm-none-eabi-6_2-2016q4/bin/../lib/gcc/arm-none-eabi/6.2.1/thumb/v6-m/libgcc.a(fixsfsi.o)
 .ARM.attributes
                0x0000000000000655       0x2c /usr/local/gcc-arm-none-eabi-6_2-2016q4/bin/../lib/gcc/arm-none-eabi/6.2.1/thumb/v6-m/libgcc.a(floatsisf.o)
 .ARM.attributes
                0x0000000000000681       0x2c /usr/local/gcc-arm-none-eabi-6_2-2016q4/bin/../lib/gcc/arm-none-eabi/6.2.1/thumb/v6-m/libgcc.a(floatunsisf.o)
 .ARM.attributes
                0x00000000000006ad       0x2c /usr/local/gcc-arm-none-eabi-6_2-2016q4/bin/../lib/gcc/arm-none-eabi/6.2.1/thumb/v6-m/libgcc.a(adddf3.o)
 .ARM.attributes
                0x00000000000006d9       0x2c /usr/local/gcc-arm-none-eabi-6_2-2016q4/bin/../lib/gcc/arm-none-eabi/6.2.1/thumb/v6-m/libgcc.a(divdf3.o)
 .ARM.attributes
                0x0000000000000705       0x2c /usr/local/gcc-arm-none-eabi-6_2-2016q4/bin/../lib/gcc/arm-none-eabi/6.2.1/thumb/v6-m/libgcc.a(eqdf2.o)
 .ARM.attributes
                0x0000000000000731       0x2c /usr/local/gcc-arm-none-eabi-6_2-2016q4/bin/../lib/gcc/arm-none-eabi/6.2.1/thumb/v6-m/libgcc.a(gedf2.o)
 .ARM.attributes
                0x000000000000075d       0x2c /usr/local/gcc-arm-none-eabi-6_2-2016q4/bin/../lib/gcc/arm-none-eabi/6.2.1/thumb/v6-m/libgcc.a(ledf2.o)
 .ARM.attributes
                0x0000000000000789       0x2c /usr/local/gcc-arm-none-eabi-6_2-2016q4/bin/../lib/gcc/arm-none-eabi/6.2.1/thumb/v6-m/libgcc.a(muldf3.o)
 .ARM.attributes
                0x00000000000007b5       0x2c /usr/local/gcc-arm-none-eabi-6_2-2016q4/bin/../lib/gcc/arm-none-eabi/6.2.1/thumb/v6-m/libgcc.a(subdf3.o)
 .ARM.attributes
                0x00000000000007e1       0x2c /usr/local/gcc-arm-none-eabi-6_2-2016q4/bin/../lib/gcc/arm-none-eabi/6.2.1/thumb/v6-m/libgcc.a(fixdfsi.o)
 .ARM.attributes
                0x000000000000080d       0x2c /usr/local/gcc-arm-none-eabi-6_2-2016q4/bin/../lib/gcc/arm-none-eabi/6.2.1/thumb/v6-m/libgcc.a(floatsidf.o)
 .ARM.attributes
                0x0000000000000839       0x2c /usr/local/gcc-arm-none-eabi-6_2-2016q4/bin/../lib/gcc/arm-none-eabi/6.2.1/thumb/v6-m/libgcc.a(extendsfdf2.o)
 .ARM.attributes
                0x0000000000000865       0x2c /usr/local/gcc-arm-none-eabi-6_2-2016q4/bin/../lib/gcc/arm-none-eabi/6.2.1/thumb/v6-m/libgcc.a(truncdfsf2.o)
 .ARM.attributes
                0x0000000000000891       0x1e /usr/local/gcc-arm-none-eabi-6_2-2016q4/bin/../lib/gcc/arm-none-eabi/6.2.1/thumb/v6-m/libgcc.a(_clzsi2.o)
OUTPUT(build/sympetrum-v2.elf elf32-littlearm)

.comment        0x0000000000000000       0x6e
 .comment       0x0000000000000000       0x6e /var/folders/40/3zrx_47s1b1ftkx4vzc9q9_00000gn/T//ccKn2cI2.ltrans0.ltrans.o
                                         0x6f (size before relaxing)
 .comment       0x000000000000006e       0x6f /var/folders/40/3zrx_47s1b1ftkx4vzc9q9_00000gn/T//ccKn2cI2.ltrans1.ltrans.o
 .comment       0x000000000000006e       0x6f /var/folders/40/3zrx_47s1b1ftkx4vzc9q9_00000gn/T//ccKn2cI2.ltrans2.ltrans.o
 .comment       0x000000000000006e       0x6f /var/folders/40/3zrx_47s1b1ftkx4vzc9q9_00000gn/T//ccKn2cI2.ltrans3.ltrans.o

.debug_line     0x0000000000000000       0xaf
 .debug_line    0x0000000000000000       0xaf build/startup_stm32f030x6.o

.debug_info     0x0000000000000000       0x9e
 .debug_info    0x0000000000000000       0x9e build/startup_stm32f030x6.o

.debug_abbrev   0x0000000000000000       0x12
 .debug_abbrev  0x0000000000000000       0x12 build/startup_stm32f030x6.o

.debug_aranges  0x0000000000000000       0x28
 .debug_aranges
                0x0000000000000000       0x28 build/startup_stm32f030x6.o

.debug_ranges   0x0000000000000000       0x20
 .debug_ranges  0x0000000000000000       0x20 build/startup_stm32f030x6.o

.debug_frame    0x0000000000000000      0x748
 .debug_frame   0x0000000000000000       0x2c /usr/local/gcc-arm-none-eabi-6_2-2016q4/bin/../lib/gcc/arm-none-eabi/6.2.1/../../../../arm-none-eabi/lib/thumb/v6-m/libc_nano.a(lib_a-init.o)
 .debug_frame   0x000000000000002c       0x20 /usr/local/gcc-arm-none-eabi-6_2-2016q4/bin/../lib/gcc/arm-none-eabi/6.2.1/../../../../arm-none-eabi/lib/thumb/v6-m/libc_nano.a(lib_a-memset.o)
 .debug_frame   0x000000000000004c       0x44 /usr/local/gcc-arm-none-eabi-6_2-2016q4/bin/../lib/gcc/arm-none-eabi/6.2.1/../../../../arm-none-eabi/lib/thumb/v6-m/libc_nano.a(lib_a-rand.o)
 .debug_frame   0x0000000000000090       0x40 /usr/local/gcc-arm-none-eabi-6_2-2016q4/bin/../lib/gcc/arm-none-eabi/6.2.1/../../../../arm-none-eabi/lib/thumb/v6-m/libc_nano.a(lib_a-malloc.o)
 .debug_frame   0x00000000000000d0       0x2c /usr/local/gcc-arm-none-eabi-6_2-2016q4/bin/../lib/gcc/arm-none-eabi/6.2.1/../../../../arm-none-eabi/lib/thumb/v6-m/libc_nano.a(lib_a-nano-mallocr.o)
 .debug_frame   0x00000000000000fc       0x2c /usr/local/gcc-arm-none-eabi-6_2-2016q4/bin/../lib/gcc/arm-none-eabi/6.2.1/../../../../arm-none-eabi/lib/thumb/v6-m/libc_nano.a(lib_a-sbrkr.o)
 .debug_frame   0x0000000000000128       0x30 /usr/local/gcc-arm-none-eabi-6_2-2016q4/bin/../lib/gcc/arm-none-eabi/6.2.1/../../../../arm-none-eabi/lib/thumb/v6-m/libc_nano.a(lib_a-mlock.o)
 .debug_frame   0x0000000000000158       0x48 /usr/local/gcc-arm-none-eabi-6_2-2016q4/bin/../lib/gcc/arm-none-eabi/6.2.1/../../../../arm-none-eabi/lib/thumb/v6-m/libc_nano.a(lib_a-reent.o)
 .debug_frame   0x00000000000001a0       0x20 /usr/local/gcc-arm-none-eabi-6_2-2016q4/bin/../lib/gcc/arm-none-eabi/6.2.1/../../../../arm-none-eabi/lib/thumb/v6-m/libnosys.a(sbrk.o)
 .debug_frame   0x00000000000001c0       0x34 /usr/local/gcc-arm-none-eabi-6_2-2016q4/bin/../lib/gcc/arm-none-eabi/6.2.1/thumb/v6-m/libgcc.a(_muldi3.o)
 .debug_frame   0x00000000000001f4       0x28 /usr/local/gcc-arm-none-eabi-6_2-2016q4/bin/../lib/gcc/arm-none-eabi/6.2.1/../../../../arm-none-eabi/lib/thumb/v6-m/libc_nano.a(lib_a-memcpy-stub.o)
 .debug_frame   0x000000000000021c       0x3c /usr/local/gcc-arm-none-eabi-6_2-2016q4/bin/../lib/gcc/arm-none-eabi/6.2.1/../../../../arm-none-eabi/lib/thumb/v6-m/libm.a(lib_a-s_floor.o)
 .debug_frame   0x0000000000000258       0x30 /usr/local/gcc-arm-none-eabi-6_2-2016q4/bin/../lib/gcc/arm-none-eabi/6.2.1/../../../../arm-none-eabi/lib/thumb/v6-m/libm.a(lib_a-s_round.o)
 .debug_frame   0x0000000000000288       0x20 /usr/local/gcc-arm-none-eabi-6_2-2016q4/bin/../lib/gcc/arm-none-eabi/6.2.1/thumb/v6-m/libgcc.a(_udivsi3.o)
 .debug_frame   0x00000000000002a8       0x20 /usr/local/gcc-arm-none-eabi-6_2-2016q4/bin/../lib/gcc/arm-none-eabi/6.2.1/thumb/v6-m/libgcc.a(_divsi3.o)
 .debug_frame   0x00000000000002c8       0x28 /usr/local/gcc-arm-none-eabi-6_2-2016q4/bin/../lib/gcc/arm-none-eabi/6.2.1/thumb/v6-m/libgcc.a(_fixunssfsi.o)
 .debug_frame   0x00000000000002f0       0x2c /usr/local/gcc-arm-none-eabi-6_2-2016q4/bin/../lib/gcc/arm-none-eabi/6.2.1/thumb/v6-m/libgcc.a(_fixunsdfsi.o)
 .debug_frame   0x000000000000031c       0x34 /usr/local/gcc-arm-none-eabi-6_2-2016q4/bin/../lib/gcc/arm-none-eabi/6.2.1/thumb/v6-m/libgcc.a(addsf3.o)
 .debug_frame   0x0000000000000350       0x3c /usr/local/gcc-arm-none-eabi-6_2-2016q4/bin/../lib/gcc/arm-none-eabi/6.2.1/thumb/v6-m/libgcc.a(divsf3.o)
 .debug_frame   0x000000000000038c       0x2c /usr/local/gcc-arm-none-eabi-6_2-2016q4/bin/../lib/gcc/arm-none-eabi/6.2.1/thumb/v6-m/libgcc.a(eqsf2.o)
 .debug_frame   0x00000000000003b8       0x30 /usr/local/gcc-arm-none-eabi-6_2-2016q4/bin/../lib/gcc/arm-none-eabi/6.2.1/thumb/v6-m/libgcc.a(gesf2.o)
 .debug_frame   0x00000000000003e8       0x30 /usr/local/gcc-arm-none-eabi-6_2-2016q4/bin/../lib/gcc/arm-none-eabi/6.2.1/thumb/v6-m/libgcc.a(lesf2.o)
 .debug_frame   0x0000000000000418       0x3c /usr/local/gcc-arm-none-eabi-6_2-2016q4/bin/../lib/gcc/arm-none-eabi/6.2.1/thumb/v6-m/libgcc.a(mulsf3.o)
 .debug_frame   0x0000000000000454       0x38 /usr/local/gcc-arm-none-eabi-6_2-2016q4/bin/../lib/gcc/arm-none-eabi/6.2.1/thumb/v6-m/libgcc.a(subsf3.o)
 .debug_frame   0x000000000000048c       0x20 /usr/local/gcc-arm-none-eabi-6_2-2016q4/bin/../lib/gcc/arm-none-eabi/6.2.1/thumb/v6-m/libgcc.a(fixsfsi.o)
 .debug_frame   0x00000000000004ac       0x2c /usr/local/gcc-arm-none-eabi-6_2-2016q4/bin/../lib/gcc/arm-none-eabi/6.2.1/thumb/v6-m/libgcc.a(floatsisf.o)
 .debug_frame   0x00000000000004d8       0x28 /usr/local/gcc-arm-none-eabi-6_2-2016q4/bin/../lib/gcc/arm-none-eabi/6.2.1/thumb/v6-m/libgcc.a(floatunsisf.o)
 .debug_frame   0x0000000000000500       0x3c /usr/local/gcc-arm-none-eabi-6_2-2016q4/bin/../lib/gcc/arm-none-eabi/6.2.1/thumb/v6-m/libgcc.a(adddf3.o)
 .debug_frame   0x000000000000053c       0x3c /usr/local/gcc-arm-none-eabi-6_2-2016q4/bin/../lib/gcc/arm-none-eabi/6.2.1/thumb/v6-m/libgcc.a(divdf3.o)
 .debug_frame   0x0000000000000578       0x38 /usr/local/gcc-arm-none-eabi-6_2-2016q4/bin/../lib/gcc/arm-none-eabi/6.2.1/thumb/v6-m/libgcc.a(eqdf2.o)
 .debug_frame   0x00000000000005b0       0x38 /usr/local/gcc-arm-none-eabi-6_2-2016q4/bin/../lib/gcc/arm-none-eabi/6.2.1/thumb/v6-m/libgcc.a(gedf2.o)
 .debug_frame   0x00000000000005e8       0x38 /usr/local/gcc-arm-none-eabi-6_2-2016q4/bin/../lib/gcc/arm-none-eabi/6.2.1/thumb/v6-m/libgcc.a(ledf2.o)
 .debug_frame   0x0000000000000620       0x3c /usr/local/gcc-arm-none-eabi-6_2-2016q4/bin/../lib/gcc/arm-none-eabi/6.2.1/thumb/v6-m/libgcc.a(muldf3.o)
 .debug_frame   0x000000000000065c       0x38 /usr/local/gcc-arm-none-eabi-6_2-2016q4/bin/../lib/gcc/arm-none-eabi/6.2.1/thumb/v6-m/libgcc.a(subdf3.o)
 .debug_frame   0x0000000000000694       0x2c /usr/local/gcc-arm-none-eabi-6_2-2016q4/bin/../lib/gcc/arm-none-eabi/6.2.1/thumb/v6-m/libgcc.a(fixdfsi.o)
 .debug_frame   0x00000000000006c0       0x2c /usr/local/gcc-arm-none-eabi-6_2-2016q4/bin/../lib/gcc/arm-none-eabi/6.2.1/thumb/v6-m/libgcc.a(floatsidf.o)
 .debug_frame   0x00000000000006ec       0x2c /usr/local/gcc-arm-none-eabi-6_2-2016q4/bin/../lib/gcc/arm-none-eabi/6.2.1/thumb/v6-m/libgcc.a(extendsfdf2.o)
 .debug_frame   0x0000000000000718       0x30 /usr/local/gcc-arm-none-eabi-6_2-2016q4/bin/../lib/gcc/arm-none-eabi/6.2.1/thumb/v6-m/libgcc.a(truncdfsf2.o)

Cross Reference Table

Symbol                                            File
ADC1_IRQHandler                                   build/startup_stm32f030x6.o
AHBPrescTable                                     build/system_stm32f0xx.o (symbol from plugin)
                                                  build/stm32f0xx_hal_rcc.o (symbol from plugin)
APBPrescTable                                     build/system_stm32f0xx.o (symbol from plugin)
                                                  build/stm32f0xx_hal_rcc.o (symbol from plugin)
AnimRGBFade.lto_priv.68                           /var/folders/40/3zrx_47s1b1ftkx4vzc9q9_00000gn/T//ccKn2cI2.ltrans3.ltrans.o
                                                  /var/folders/40/3zrx_47s1b1ftkx4vzc9q9_00000gn/T//ccKn2cI2.ltrans0.ltrans.o
BeaconClockInterval.lto_priv.65                   /var/folders/40/3zrx_47s1b1ftkx4vzc9q9_00000gn/T//ccKn2cI2.ltrans3.ltrans.o
                                                  /var/folders/40/3zrx_47s1b1ftkx4vzc9q9_00000gn/T//ccKn2cI2.ltrans0.ltrans.o
BeaconClockRampPosition.lto_priv.69               /var/folders/40/3zrx_47s1b1ftkx4vzc9q9_00000gn/T//ccKn2cI2.ltrans3.ltrans.o
                                                  /var/folders/40/3zrx_47s1b1ftkx4vzc9q9_00000gn/T//ccKn2cI2.ltrans0.ltrans.o
DMA1_Channel1_IRQHandler                          build/startup_stm32f030x6.o
DMA1_Channel2_3_IRQHandler                        build/startup_stm32f030x6.o
DMA1_Channel4_5_IRQHandler                        build/startup_stm32f030x6.o
Default_Handler                                   build/startup_stm32f030x6.o
EXTI0_1_IRQHandler                                /var/folders/40/3zrx_47s1b1ftkx4vzc9q9_00000gn/T//ccKn2cI2.ltrans3.ltrans.o
                                                  build/startup_stm32f030x6.o
                                                  build/stm32f0xx_it.o (symbol from plugin)
EXTI2_3_IRQHandler                                build/startup_stm32f030x6.o
EXTI4_15_IRQHandler                               build/startup_stm32f030x6.o
Error_Handler.lto_priv.86                         /var/folders/40/3zrx_47s1b1ftkx4vzc9q9_00000gn/T//ccKn2cI2.ltrans3.ltrans.o
                                                  /var/folders/40/3zrx_47s1b1ftkx4vzc9q9_00000gn/T//ccKn2cI2.ltrans0.ltrans.o
FLASH_IRQHandler                                  build/startup_stm32f030x6.o
FLASH_PageErase                                   build/stm32f0xx_hal_flash_ex.o (symbol from plugin)
                                                  build/stm32f0xx_hal_flash.o (symbol from plugin)
FLASH_WaitForLastOperation                        build/stm32f0xx_hal_flash.o (symbol from plugin)
                                                  build/stm32f0xx_hal_flash_ex.o (symbol from plugin)
FW_VERSION                                        build/version.o (symbol from plugin)
                                                  build/main.o (symbol from plugin)
HAL_DBGMCU_DisableDBGStandbyMode                  build/stm32f0xx_hal.o (symbol from plugin)
HAL_DBGMCU_DisableDBGStopMode                     build/stm32f0xx_hal.o (symbol from plugin)
HAL_DBGMCU_EnableDBGStandbyMode                   build/stm32f0xx_hal.o (symbol from plugin)
HAL_DBGMCU_EnableDBGStopMode                      build/stm32f0xx_hal.o (symbol from plugin)
HAL_DMA_Abort                                     build/stm32f0xx_hal_dma.o (symbol from plugin)
                                                  build/stm32f0xx_hal_uart.o (symbol from plugin)
                                                  build/stm32f0xx_hal_tim.o (symbol from plugin)
                                                  build/stm32f0xx_hal_spi.o (symbol from plugin)
HAL_DMA_Abort_IT                                  build/stm32f0xx_hal_dma.o (symbol from plugin)
                                                  build/stm32f0xx_hal_uart.o (symbol from plugin)
                                                  build/stm32f0xx_hal_spi.o (symbol from plugin)
                                                  build/stm32f0xx_hal_i2c.o (symbol from plugin)
HAL_DMA_DeInit                                    build/stm32f0xx_hal_dma.o (symbol from plugin)
HAL_DMA_GetError                                  build/stm32f0xx_hal_dma.o (symbol from plugin)
HAL_DMA_GetState                                  build/stm32f0xx_hal_dma.o (symbol from plugin)
HAL_DMA_IRQHandler                                build/stm32f0xx_hal_dma.o (symbol from plugin)
HAL_DMA_Init                                      build/stm32f0xx_hal_dma.o (symbol from plugin)
HAL_DMA_PollForTransfer                           build/stm32f0xx_hal_dma.o (symbol from plugin)
HAL_DMA_RegisterCallback                          build/stm32f0xx_hal_dma.o (symbol from plugin)
HAL_DMA_Start                                     build/stm32f0xx_hal_dma.o (symbol from plugin)
HAL_DMA_Start_IT                                  build/stm32f0xx_hal_dma.o (symbol from plugin)
                                                  build/stm32f0xx_hal_uart.o (symbol from plugin)
                                                  build/stm32f0xx_hal_tim_ex.o (symbol from plugin)
                                                  build/stm32f0xx_hal_tim.o (symbol from plugin)
                                                  build/stm32f0xx_hal_spi.o (symbol from plugin)
                                                  build/stm32f0xx_hal_i2c.o (symbol from plugin)
HAL_DMA_UnRegisterCallback                        build/stm32f0xx_hal_dma.o (symbol from plugin)
HAL_DeInit                                        build/stm32f0xx_hal.o (symbol from plugin)
HAL_Delay                                         build/stm32f0xx_hal.o (symbol from plugin)
HAL_FLASHEx_Erase                                 build/stm32f0xx_hal_flash_ex.o (symbol from plugin)
HAL_FLASHEx_Erase_IT                              build/stm32f0xx_hal_flash_ex.o (symbol from plugin)
HAL_FLASHEx_OBErase                               build/stm32f0xx_hal_flash_ex.o (symbol from plugin)
HAL_FLASHEx_OBGetConfig                           build/stm32f0xx_hal_flash_ex.o (symbol from plugin)
HAL_FLASHEx_OBGetUserData                         build/stm32f0xx_hal_flash_ex.o (symbol from plugin)
HAL_FLASHEx_OBProgram                             build/stm32f0xx_hal_flash_ex.o (symbol from plugin)
HAL_FLASH_EndOfOperationCallback                  build/stm32f0xx_hal_flash.o (symbol from plugin)
HAL_FLASH_GetError                                build/stm32f0xx_hal_flash.o (symbol from plugin)
HAL_FLASH_IRQHandler                              build/stm32f0xx_hal_flash.o (symbol from plugin)
HAL_FLASH_Lock                                    build/stm32f0xx_hal_flash.o (symbol from plugin)
HAL_FLASH_OB_Launch                               build/stm32f0xx_hal_flash.o (symbol from plugin)
HAL_FLASH_OB_Lock                                 build/stm32f0xx_hal_flash.o (symbol from plugin)
HAL_FLASH_OB_Unlock                               build/stm32f0xx_hal_flash.o (symbol from plugin)
HAL_FLASH_OperationErrorCallback                  build/stm32f0xx_hal_flash.o (symbol from plugin)
HAL_FLASH_Program                                 build/stm32f0xx_hal_flash.o (symbol from plugin)
HAL_FLASH_Program_IT                              build/stm32f0xx_hal_flash.o (symbol from plugin)
HAL_FLASH_Unlock                                  build/stm32f0xx_hal_flash.o (symbol from plugin)
HAL_GPIO_DeInit                                   build/stm32f0xx_hal_gpio.o (symbol from plugin)
                                                  build/stm32f0xx_hal_msp.o (symbol from plugin)
HAL_GPIO_EXTI_Callback                            build/stm32f0xx_hal_gpio.o (symbol from plugin)
HAL_GPIO_EXTI_IRQHandler                          build/stm32f0xx_hal_gpio.o (symbol from plugin)
HAL_GPIO_Init                                     /var/folders/40/3zrx_47s1b1ftkx4vzc9q9_00000gn/T//ccKn2cI2.ltrans3.ltrans.o
                                                  build/stm32f0xx_hal_gpio.o (symbol from plugin)
                                                  /var/folders/40/3zrx_47s1b1ftkx4vzc9q9_00000gn/T//ccKn2cI2.ltrans2.ltrans.o
                                                  /var/folders/40/3zrx_47s1b1ftkx4vzc9q9_00000gn/T//ccKn2cI2.ltrans1.ltrans.o
                                                  /var/folders/40/3zrx_47s1b1ftkx4vzc9q9_00000gn/T//ccKn2cI2.ltrans0.ltrans.o
                                                  build/stm32f0xx_hal_rcc.o (symbol from plugin)
                                                  build/stm32f0xx_hal_msp.o (symbol from plugin)
                                                  build/platform_hw.o (symbol from plugin)
HAL_GPIO_LockPin                                  build/stm32f0xx_hal_gpio.o (symbol from plugin)
HAL_GPIO_ReadPin                                  build/stm32f0xx_hal_gpio.o (symbol from plugin)
                                                  build/stm32f0xx_it.o (symbol from plugin)
HAL_GPIO_TogglePin                                build/stm32f0xx_hal_gpio.o (symbol from plugin)
HAL_GPIO_WritePin                                 build/stm32f0xx_hal_gpio.o (symbol from plugin)
                                                  build/ir_encode.o (symbol from plugin)
HAL_GetDEVID                                      build/stm32f0xx_hal.o (symbol from plugin)
HAL_GetHalVersion                                 build/stm32f0xx_hal.o (symbol from plugin)
HAL_GetREVID                                      build/stm32f0xx_hal.o (symbol from plugin)
HAL_GetTick                                       build/stm32f0xx_hal.o (symbol from plugin)
                                                  build/stm32f0xx_hal_uart.o (symbol from plugin)
                                                  build/stm32f0xx_hal_spi.o (symbol from plugin)
                                                  build/stm32f0xx_hal_rcc_ex.o (symbol from plugin)
                                                  build/stm32f0xx_hal_rcc.o (symbol from plugin)
                                                  build/stm32f0xx_hal_i2c.o (symbol from plugin)
                                                  build/stm32f0xx_hal_flash.o (symbol from plugin)
                                                  build/stm32f0xx_hal_dma.o (symbol from plugin)
                                                  build/main.o (symbol from plugin)
                                                  build/beacons.o (symbol from plugin)
HAL_HalfDuplex_EnableReceiver                     build/stm32f0xx_hal_uart.o (symbol from plugin)
HAL_HalfDuplex_EnableTransmitter                  build/stm32f0xx_hal_uart.o (symbol from plugin)
HAL_HalfDuplex_Init                               build/stm32f0xx_hal_uart.o (symbol from plugin)
HAL_I2CEx_ConfigAnalogFilter                      build/stm32f0xx_hal_i2c_ex.o (symbol from plugin)
HAL_I2CEx_ConfigDigitalFilter                     build/stm32f0xx_hal_i2c_ex.o (symbol from plugin)
HAL_I2CEx_DisableFastModePlus                     build/stm32f0xx_hal_i2c_ex.o (symbol from plugin)
HAL_I2CEx_EnableFastModePlus                      build/stm32f0xx_hal_i2c_ex.o (symbol from plugin)
HAL_I2C_AbortCpltCallback                         build/stm32f0xx_hal_i2c.o (symbol from plugin)
HAL_I2C_AddrCallback                              build/stm32f0xx_hal_i2c.o (symbol from plugin)
HAL_I2C_DeInit                                    build/stm32f0xx_hal_i2c.o (symbol from plugin)
HAL_I2C_DisableListen_IT                          build/stm32f0xx_hal_i2c.o (symbol from plugin)
HAL_I2C_ER_IRQHandler                             build/stm32f0xx_hal_i2c.o (symbol from plugin)
HAL_I2C_EV_IRQHandler                             build/stm32f0xx_hal_i2c.o (symbol from plugin)
HAL_I2C_EnableListen_IT                           build/stm32f0xx_hal_i2c.o (symbol from plugin)
HAL_I2C_ErrorCallback                             build/stm32f0xx_hal_i2c.o (symbol from plugin)
HAL_I2C_GetError                                  build/stm32f0xx_hal_i2c.o (symbol from plugin)
HAL_I2C_GetMode                                   build/stm32f0xx_hal_i2c.o (symbol from plugin)
HAL_I2C_GetState                                  build/stm32f0xx_hal_i2c.o (symbol from plugin)
HAL_I2C_Init                                      build/stm32f0xx_hal_i2c.o (symbol from plugin)
HAL_I2C_IsDeviceReady                             build/stm32f0xx_hal_i2c.o (symbol from plugin)
HAL_I2C_ListenCpltCallback                        build/stm32f0xx_hal_i2c.o (symbol from plugin)
HAL_I2C_MasterRxCpltCallback                      build/stm32f0xx_hal_i2c.o (symbol from plugin)
HAL_I2C_MasterTxCpltCallback                      build/stm32f0xx_hal_i2c.o (symbol from plugin)
HAL_I2C_Master_Abort_IT                           build/stm32f0xx_hal_i2c.o (symbol from plugin)
HAL_I2C_Master_Receive                            build/stm32f0xx_hal_i2c.o (symbol from plugin)
HAL_I2C_Master_Receive_DMA                        build/stm32f0xx_hal_i2c.o (symbol from plugin)
HAL_I2C_Master_Receive_IT                         build/stm32f0xx_hal_i2c.o (symbol from plugin)
HAL_I2C_Master_Sequential_Receive_IT              build/stm32f0xx_hal_i2c.o (symbol from plugin)
HAL_I2C_Master_Sequential_Transmit_IT             build/stm32f0xx_hal_i2c.o (symbol from plugin)
HAL_I2C_Master_Transmit                           build/stm32f0xx_hal_i2c.o (symbol from plugin)
HAL_I2C_Master_Transmit_DMA                       build/stm32f0xx_hal_i2c.o (symbol from plugin)
HAL_I2C_Master_Transmit_IT                        build/stm32f0xx_hal_i2c.o (symbol from plugin)
HAL_I2C_MemRxCpltCallback                         build/stm32f0xx_hal_i2c.o (symbol from plugin)
HAL_I2C_MemTxCpltCallback                         build/stm32f0xx_hal_i2c.o (symbol from plugin)
HAL_I2C_Mem_Read                                  build/stm32f0xx_hal_i2c.o (symbol from plugin)
HAL_I2C_Mem_Read_DMA                              build/stm32f0xx_hal_i2c.o (symbol from plugin)
HAL_I2C_Mem_Read_IT                               build/stm32f0xx_hal_i2c.o (symbol from plugin)
HAL_I2C_Mem_Write                                 build/stm32f0xx_hal_i2c.o (symbol from plugin)
HAL_I2C_Mem_Write_DMA                             build/stm32f0xx_hal_i2c.o (symbol from plugin)
HAL_I2C_Mem_Write_IT                              build/stm32f0xx_hal_i2c.o (symbol from plugin)
HAL_I2C_MspDeInit                                 build/stm32f0xx_hal_i2c.o (symbol from plugin)
HAL_I2C_MspInit                                   build/stm32f0xx_hal_i2c.o (symbol from plugin)
HAL_I2C_SlaveRxCpltCallback                       build/stm32f0xx_hal_i2c.o (symbol from plugin)
HAL_I2C_SlaveTxCpltCallback                       build/stm32f0xx_hal_i2c.o (symbol from plugin)
HAL_I2C_Slave_Receive                             build/stm32f0xx_hal_i2c.o (symbol from plugin)
HAL_I2C_Slave_Receive_DMA                         build/stm32f0xx_hal_i2c.o (symbol from plugin)
HAL_I2C_Slave_Receive_IT                          build/stm32f0xx_hal_i2c.o (symbol from plugin)
HAL_I2C_Slave_Sequential_Receive_IT               build/stm32f0xx_hal_i2c.o (symbol from plugin)
HAL_I2C_Slave_Sequential_Transmit_IT              build/stm32f0xx_hal_i2c.o (symbol from plugin)
HAL_I2C_Slave_Transmit                            build/stm32f0xx_hal_i2c.o (symbol from plugin)
HAL_I2C_Slave_Transmit_DMA                        build/stm32f0xx_hal_i2c.o (symbol from plugin)
HAL_I2C_Slave_Transmit_IT                         build/stm32f0xx_hal_i2c.o (symbol from plugin)
HAL_IncTick                                       build/stm32f0xx_hal.o (symbol from plugin)
                                                  build/stm32f0xx_it.o (symbol from plugin)
HAL_Init                                          build/stm32f0xx_hal.o (symbol from plugin)
                                                  build/main.o (symbol from plugin)
HAL_InitTick                                      build/stm32f0xx_hal.o (symbol from plugin)
                                                  build/stm32f0xx_hal_rcc.o (symbol from plugin)
HAL_InitTick.constprop.6                          /var/folders/40/3zrx_47s1b1ftkx4vzc9q9_00000gn/T//ccKn2cI2.ltrans2.ltrans.o
                                                  /var/folders/40/3zrx_47s1b1ftkx4vzc9q9_00000gn/T//ccKn2cI2.ltrans0.ltrans.o
HAL_MspDeInit                                     build/stm32f0xx_hal.o (symbol from plugin)
HAL_MspInit                                       build/stm32f0xx_hal_msp.o (symbol from plugin)
HAL_MultiProcessorEx_AddressLength_Set            build/stm32f0xx_hal_uart_ex.o (symbol from plugin)
HAL_MultiProcessor_DisableMuteMode                build/stm32f0xx_hal_uart.o (symbol from plugin)
HAL_MultiProcessor_EnableMuteMode                 build/stm32f0xx_hal_uart.o (symbol from plugin)
HAL_MultiProcessor_EnterMuteMode                  build/stm32f0xx_hal_uart.o (symbol from plugin)
HAL_MultiProcessor_Init                           build/stm32f0xx_hal_uart.o (symbol from plugin)
HAL_NVIC_ClearPendingIRQ                          build/stm32f0xx_hal_cortex.o (symbol from plugin)
HAL_NVIC_DisableIRQ                               build/stm32f0xx_hal_cortex.o (symbol from plugin)
                                                  build/stm32f0xx_hal_msp.o (symbol from plugin)
HAL_NVIC_EnableIRQ                                build/stm32f0xx_hal_cortex.o (symbol from plugin)
                                                  build/stm32f0xx_hal_msp.o (symbol from plugin)
                                                  build/platform_hw.o (symbol from plugin)
HAL_NVIC_GetPendingIRQ                            build/stm32f0xx_hal_cortex.o (symbol from plugin)
HAL_NVIC_GetPriority                              build/stm32f0xx_hal_cortex.o (symbol from plugin)
HAL_NVIC_SetPendingIRQ                            build/stm32f0xx_hal_cortex.o (symbol from plugin)
HAL_NVIC_SetPriority                              build/stm32f0xx_hal_cortex.o (symbol from plugin)
                                                  build/stm32f0xx_hal.o (symbol from plugin)
                                                  build/stm32f0xx_hal_msp.o (symbol from plugin)
                                                  build/platform_hw.o (symbol from plugin)
HAL_NVIC_SystemReset                              build/stm32f0xx_hal_cortex.o (symbol from plugin)
HAL_PWR_DeInit                                    build/stm32f0xx_hal_pwr.o (symbol from plugin)
HAL_PWR_DisableBkUpAccess                         build/stm32f0xx_hal_pwr.o (symbol from plugin)
HAL_PWR_DisableSEVOnPend                          build/stm32f0xx_hal_pwr.o (symbol from plugin)
HAL_PWR_DisableSleepOnExit                        build/stm32f0xx_hal_pwr.o (symbol from plugin)
HAL_PWR_DisableWakeUpPin                          build/stm32f0xx_hal_pwr.o (symbol from plugin)
HAL_PWR_EnableBkUpAccess                          build/stm32f0xx_hal_pwr.o (symbol from plugin)
HAL_PWR_EnableSEVOnPend                           build/stm32f0xx_hal_pwr.o (symbol from plugin)
HAL_PWR_EnableSleepOnExit                         build/stm32f0xx_hal_pwr.o (symbol from plugin)
HAL_PWR_EnableWakeUpPin                           build/stm32f0xx_hal_pwr.o (symbol from plugin)
HAL_PWR_EnterSLEEPMode                            build/stm32f0xx_hal_pwr.o (symbol from plugin)
HAL_PWR_EnterSTANDBYMode                          build/stm32f0xx_hal_pwr.o (symbol from plugin)
HAL_PWR_EnterSTOPMode                             build/stm32f0xx_hal_pwr.o (symbol from plugin)
HAL_RCCEx_GetPeriphCLKConfig                      build/stm32f0xx_hal_rcc_ex.o (symbol from plugin)
HAL_RCCEx_GetPeriphCLKFreq                        build/stm32f0xx_hal_rcc_ex.o (symbol from plugin)
HAL_RCCEx_PeriphCLKConfig                         build/stm32f0xx_hal_rcc_ex.o (symbol from plugin)
HAL_RCC_CSSCallback                               build/stm32f0xx_hal_rcc.o (symbol from plugin)
HAL_RCC_ClockConfig                               build/stm32f0xx_hal_rcc.o (symbol from plugin)
                                                  build/platform_hw.o (symbol from plugin)
HAL_RCC_DeInit                                    build/stm32f0xx_hal_rcc.o (symbol from plugin)
HAL_RCC_DisableCSS                                build/stm32f0xx_hal_rcc.o (symbol from plugin)
HAL_RCC_EnableCSS                                 build/stm32f0xx_hal_rcc.o (symbol from plugin)
HAL_RCC_GetClockConfig                            build/stm32f0xx_hal_rcc.o (symbol from plugin)
                                                  build/ir_decode.o (symbol from plugin)
HAL_RCC_GetHCLKFreq                               build/stm32f0xx_hal_rcc.o (symbol from plugin)
                                                  build/stm32f0xx_hal.o (symbol from plugin)
                                                  build/platform_hw.o (symbol from plugin)
HAL_RCC_GetOscConfig                              build/stm32f0xx_hal_rcc.o (symbol from plugin)
HAL_RCC_GetPCLK1Freq                              /var/folders/40/3zrx_47s1b1ftkx4vzc9q9_00000gn/T//ccKn2cI2.ltrans3.ltrans.o
                                                  build/stm32f0xx_hal_rcc.o (symbol from plugin)
                                                  /var/folders/40/3zrx_47s1b1ftkx4vzc9q9_00000gn/T//ccKn2cI2.ltrans0.ltrans.o
                                                  build/stm32f0xx_hal_uart.o (symbol from plugin)
                                                  build/stm32f0xx_hal_rcc_ex.o (symbol from plugin)
                                                  build/ir_decode.o (symbol from plugin)
HAL_RCC_GetSysClockFreq                           /var/folders/40/3zrx_47s1b1ftkx4vzc9q9_00000gn/T//ccKn2cI2.ltrans3.ltrans.o
                                                  build/stm32f0xx_hal_rcc.o (symbol from plugin)
                                                  /var/folders/40/3zrx_47s1b1ftkx4vzc9q9_00000gn/T//ccKn2cI2.ltrans0.ltrans.o
                                                  build/stm32f0xx_hal_uart.o (symbol from plugin)
                                                  build/stm32f0xx_hal_rcc_ex.o (symbol from plugin)
HAL_RCC_MCOConfig                                 build/stm32f0xx_hal_rcc.o (symbol from plugin)
HAL_RCC_NMI_IRQHandler                            build/stm32f0xx_hal_rcc.o (symbol from plugin)
HAL_RCC_OscConfig                                 build/stm32f0xx_hal_rcc.o (symbol from plugin)
                                                  build/platform_hw.o (symbol from plugin)
HAL_RS485Ex_Init                                  build/stm32f0xx_hal_uart_ex.o (symbol from plugin)
HAL_ResumeTick                                    build/stm32f0xx_hal.o (symbol from plugin)
HAL_SPIEx_FlushRxFifo                             build/stm32f0xx_hal_spi_ex.o (symbol from plugin)
HAL_SPI_Abort                                     build/stm32f0xx_hal_spi.o (symbol from plugin)
HAL_SPI_AbortCpltCallback                         build/stm32f0xx_hal_spi.o (symbol from plugin)
HAL_SPI_Abort_IT                                  build/stm32f0xx_hal_spi.o (symbol from plugin)
HAL_SPI_DMAPause                                  build/stm32f0xx_hal_spi.o (symbol from plugin)
HAL_SPI_DMAResume                                 build/stm32f0xx_hal_spi.o (symbol from plugin)
HAL_SPI_DMAStop                                   build/stm32f0xx_hal_spi.o (symbol from plugin)
HAL_SPI_DeInit                                    build/stm32f0xx_hal_spi.o (symbol from plugin)
HAL_SPI_ErrorCallback                             build/stm32f0xx_hal_spi.o (symbol from plugin)
HAL_SPI_GetError                                  build/stm32f0xx_hal_spi.o (symbol from plugin)
HAL_SPI_GetState                                  build/stm32f0xx_hal_spi.o (symbol from plugin)
HAL_SPI_IRQHandler                                build/stm32f0xx_hal_spi.o (symbol from plugin)
HAL_SPI_Init                                      build/stm32f0xx_hal_spi.o (symbol from plugin)
                                                  build/platform_hw.o (symbol from plugin)
HAL_SPI_MspDeInit                                 build/stm32f0xx_hal_msp.o (symbol from plugin)
HAL_SPI_MspInit                                   build/stm32f0xx_hal_msp.o (symbol from plugin)
HAL_SPI_Receive                                   build/stm32f0xx_hal_spi.o (symbol from plugin)
HAL_SPI_Receive_DMA                               build/stm32f0xx_hal_spi.o (symbol from plugin)
HAL_SPI_Receive_IT                                build/stm32f0xx_hal_spi.o (symbol from plugin)
HAL_SPI_RxCpltCallback                            build/stm32f0xx_hal_spi.o (symbol from plugin)
HAL_SPI_RxHalfCpltCallback                        build/stm32f0xx_hal_spi.o (symbol from plugin)
HAL_SPI_Transmit                                  build/stm32f0xx_hal_spi.o (symbol from plugin)
                                                  build/platform_hw.o (symbol from plugin)
HAL_SPI_Transmit.part.4.constprop.25              /var/folders/40/3zrx_47s1b1ftkx4vzc9q9_00000gn/T//ccKn2cI2.ltrans2.ltrans.o
                                                  /var/folders/40/3zrx_47s1b1ftkx4vzc9q9_00000gn/T//ccKn2cI2.ltrans1.ltrans.o
HAL_SPI_TransmitReceive                           build/stm32f0xx_hal_spi.o (symbol from plugin)
HAL_SPI_TransmitReceive_DMA                       build/stm32f0xx_hal_spi.o (symbol from plugin)
HAL_SPI_TransmitReceive_IT                        build/stm32f0xx_hal_spi.o (symbol from plugin)
HAL_SPI_Transmit_DMA                              build/stm32f0xx_hal_spi.o (symbol from plugin)
HAL_SPI_Transmit_IT                               build/stm32f0xx_hal_spi.o (symbol from plugin)
HAL_SPI_TxCpltCallback                            build/stm32f0xx_hal_spi.o (symbol from plugin)
HAL_SPI_TxHalfCpltCallback                        build/stm32f0xx_hal_spi.o (symbol from plugin)
HAL_SPI_TxRxCpltCallback                          build/stm32f0xx_hal_spi.o (symbol from plugin)
HAL_SPI_TxRxHalfCpltCallback                      build/stm32f0xx_hal_spi.o (symbol from plugin)
HAL_SYSTICK_CLKSourceConfig                       build/stm32f0xx_hal_cortex.o (symbol from plugin)
                                                  build/platform_hw.o (symbol from plugin)
HAL_SYSTICK_Callback                              build/stm32f0xx_hal_cortex.o (symbol from plugin)
HAL_SYSTICK_Config                                /var/folders/40/3zrx_47s1b1ftkx4vzc9q9_00000gn/T//ccKn2cI2.ltrans3.ltrans.o
                                                  build/stm32f0xx_hal_cortex.o (symbol from plugin)
                                                  /var/folders/40/3zrx_47s1b1ftkx4vzc9q9_00000gn/T//ccKn2cI2.ltrans2.ltrans.o
                                                  /var/folders/40/3zrx_47s1b1ftkx4vzc9q9_00000gn/T//ccKn2cI2.ltrans0.ltrans.o
                                                  build/stm32f0xx_hal.o (symbol from plugin)
                                                  build/platform_hw.o (symbol from plugin)
HAL_SYSTICK_IRQHandler                            build/stm32f0xx_hal_cortex.o (symbol from plugin)
                                                  build/stm32f0xx_it.o (symbol from plugin)
HAL_SuspendTick                                   build/stm32f0xx_hal.o (symbol from plugin)
HAL_TIMEx_BreakCallback                           build/stm32f0xx_hal_tim_ex.o (symbol from plugin)
                                                  build/stm32f0xx_hal_tim.o (symbol from plugin)
HAL_TIMEx_CommutationCallback                     build/stm32f0xx_hal_tim_ex.o (symbol from plugin)
                                                  build/stm32f0xx_hal_tim.o (symbol from plugin)
HAL_TIMEx_ConfigBreakDeadTime                     build/stm32f0xx_hal_tim_ex.o (symbol from plugin)
                                                  build/ir_encode.o (symbol from plugin)
HAL_TIMEx_ConfigCommutationEvent                  build/stm32f0xx_hal_tim_ex.o (symbol from plugin)
HAL_TIMEx_ConfigCommutationEvent_DMA              build/stm32f0xx_hal_tim_ex.o (symbol from plugin)
HAL_TIMEx_ConfigCommutationEvent_IT               build/stm32f0xx_hal_tim_ex.o (symbol from plugin)
HAL_TIMEx_HallSensor_DeInit                       build/stm32f0xx_hal_tim_ex.o (symbol from plugin)
HAL_TIMEx_HallSensor_GetState                     build/stm32f0xx_hal_tim_ex.o (symbol from plugin)
HAL_TIMEx_HallSensor_Init                         build/stm32f0xx_hal_tim_ex.o (symbol from plugin)
HAL_TIMEx_HallSensor_MspDeInit                    build/stm32f0xx_hal_tim_ex.o (symbol from plugin)
HAL_TIMEx_HallSensor_MspInit                      build/stm32f0xx_hal_tim_ex.o (symbol from plugin)
HAL_TIMEx_HallSensor_Start                        build/stm32f0xx_hal_tim_ex.o (symbol from plugin)
HAL_TIMEx_HallSensor_Start_DMA                    build/stm32f0xx_hal_tim_ex.o (symbol from plugin)
HAL_TIMEx_HallSensor_Start_IT                     build/stm32f0xx_hal_tim_ex.o (symbol from plugin)
HAL_TIMEx_HallSensor_Stop                         build/stm32f0xx_hal_tim_ex.o (symbol from plugin)
HAL_TIMEx_HallSensor_Stop_DMA                     build/stm32f0xx_hal_tim_ex.o (symbol from plugin)
HAL_TIMEx_HallSensor_Stop_IT                      build/stm32f0xx_hal_tim_ex.o (symbol from plugin)
HAL_TIMEx_MasterConfigSynchronization             build/stm32f0xx_hal_tim_ex.o (symbol from plugin)
                                                  build/ir_decode.o (symbol from plugin)
HAL_TIMEx_OCN_Start                               build/stm32f0xx_hal_tim_ex.o (symbol from plugin)
HAL_TIMEx_OCN_Start_DMA                           build/stm32f0xx_hal_tim_ex.o (symbol from plugin)
HAL_TIMEx_OCN_Start_IT                            build/stm32f0xx_hal_tim_ex.o (symbol from plugin)
HAL_TIMEx_OCN_Stop                                build/stm32f0xx_hal_tim_ex.o (symbol from plugin)
HAL_TIMEx_OCN_Stop_DMA                            build/stm32f0xx_hal_tim_ex.o (symbol from plugin)
HAL_TIMEx_OCN_Stop_IT                             build/stm32f0xx_hal_tim_ex.o (symbol from plugin)
HAL_TIMEx_OnePulseN_Start                         build/stm32f0xx_hal_tim_ex.o (symbol from plugin)
HAL_TIMEx_OnePulseN_Start_IT                      build/stm32f0xx_hal_tim_ex.o (symbol from plugin)
HAL_TIMEx_OnePulseN_Stop                          build/stm32f0xx_hal_tim_ex.o (symbol from plugin)
HAL_TIMEx_OnePulseN_Stop_IT                       build/stm32f0xx_hal_tim_ex.o (symbol from plugin)
HAL_TIMEx_PWMN_Start                              build/stm32f0xx_hal_tim_ex.o (symbol from plugin)
HAL_TIMEx_PWMN_Start_DMA                          build/stm32f0xx_hal_tim_ex.o (symbol from plugin)
HAL_TIMEx_PWMN_Start_IT                           build/stm32f0xx_hal_tim_ex.o (symbol from plugin)
HAL_TIMEx_PWMN_Stop                               build/stm32f0xx_hal_tim_ex.o (symbol from plugin)
HAL_TIMEx_PWMN_Stop_DMA                           build/stm32f0xx_hal_tim_ex.o (symbol from plugin)
HAL_TIMEx_PWMN_Stop_IT                            build/stm32f0xx_hal_tim_ex.o (symbol from plugin)
HAL_TIMEx_RemapConfig                             build/stm32f0xx_hal_tim_ex.o (symbol from plugin)
HAL_TIM_Base_DeInit                               build/stm32f0xx_hal_tim.o (symbol from plugin)
HAL_TIM_Base_GetState                             build/stm32f0xx_hal_tim.o (symbol from plugin)
HAL_TIM_Base_Init                                 build/stm32f0xx_hal_tim.o (symbol from plugin)
                                                  build/ir_encode.o (symbol from plugin)
                                                  build/ir_decode.o (symbol from plugin)
HAL_TIM_Base_Init.constprop.41                    /var/folders/40/3zrx_47s1b1ftkx4vzc9q9_00000gn/T//ccKn2cI2.ltrans2.ltrans.o
                                                  /var/folders/40/3zrx_47s1b1ftkx4vzc9q9_00000gn/T//ccKn2cI2.ltrans0.ltrans.o
HAL_TIM_Base_MspDeInit                            build/stm32f0xx_hal_msp.o (symbol from plugin)
HAL_TIM_Base_MspInit                              build/stm32f0xx_hal_msp.o (symbol from plugin)
HAL_TIM_Base_Start                                build/stm32f0xx_hal_tim.o (symbol from plugin)
HAL_TIM_Base_Start_DMA                            build/stm32f0xx_hal_tim.o (symbol from plugin)
HAL_TIM_Base_Start_IT                             build/stm32f0xx_hal_tim.o (symbol from plugin)
                                                  build/ir_encode.o (symbol from plugin)
HAL_TIM_Base_Stop                                 build/stm32f0xx_hal_tim.o (symbol from plugin)
HAL_TIM_Base_Stop_DMA                             build/stm32f0xx_hal_tim.o (symbol from plugin)
HAL_TIM_Base_Stop_IT                              build/stm32f0xx_hal_tim.o (symbol from plugin)
                                                  build/ir_encode.o (symbol from plugin)
HAL_TIM_ConfigClockSource                         build/stm32f0xx_hal_tim.o (symbol from plugin)
                                                  build/ir_decode.o (symbol from plugin)
HAL_TIM_ConfigOCrefClear                          build/stm32f0xx_hal_tim.o (symbol from plugin)
HAL_TIM_ConfigTI1Input                            build/stm32f0xx_hal_tim.o (symbol from plugin)
HAL_TIM_DMABurst_ReadStart                        build/stm32f0xx_hal_tim.o (symbol from plugin)
HAL_TIM_DMABurst_ReadStop                         build/stm32f0xx_hal_tim.o (symbol from plugin)
HAL_TIM_DMABurst_WriteStart                       build/stm32f0xx_hal_tim.o (symbol from plugin)
HAL_TIM_DMABurst_WriteStop                        build/stm32f0xx_hal_tim.o (symbol from plugin)
HAL_TIM_Encoder_DeInit                            build/stm32f0xx_hal_tim.o (symbol from plugin)
HAL_TIM_Encoder_GetState                          build/stm32f0xx_hal_tim.o (symbol from plugin)
HAL_TIM_Encoder_Init                              build/stm32f0xx_hal_tim.o (symbol from plugin)
HAL_TIM_Encoder_MspDeInit                         build/stm32f0xx_hal_tim.o (symbol from plugin)
HAL_TIM_Encoder_MspInit                           build/stm32f0xx_hal_tim.o (symbol from plugin)
HAL_TIM_Encoder_Start                             build/stm32f0xx_hal_tim.o (symbol from plugin)
HAL_TIM_Encoder_Start_DMA                         build/stm32f0xx_hal_tim.o (symbol from plugin)
HAL_TIM_Encoder_Start_IT                          build/stm32f0xx_hal_tim.o (symbol from plugin)
HAL_TIM_Encoder_Stop                              build/stm32f0xx_hal_tim.o (symbol from plugin)
HAL_TIM_Encoder_Stop_DMA                          build/stm32f0xx_hal_tim.o (symbol from plugin)
HAL_TIM_Encoder_Stop_IT                           build/stm32f0xx_hal_tim.o (symbol from plugin)
HAL_TIM_ErrorCallback                             build/stm32f0xx_hal_tim.o (symbol from plugin)
HAL_TIM_GenerateEvent                             build/stm32f0xx_hal_tim.o (symbol from plugin)
HAL_TIM_IC_CaptureCallback                        build/stm32f0xx_hal_tim.o (symbol from plugin)
HAL_TIM_IC_ConfigChannel                          build/stm32f0xx_hal_tim.o (symbol from plugin)
                                                  build/ir_decode.o (symbol from plugin)
HAL_TIM_IC_DeInit                                 build/stm32f0xx_hal_tim.o (symbol from plugin)
HAL_TIM_IC_GetState                               build/stm32f0xx_hal_tim.o (symbol from plugin)
HAL_TIM_IC_Init                                   build/stm32f0xx_hal_tim.o (symbol from plugin)
                                                  build/ir_decode.o (symbol from plugin)
HAL_TIM_IC_MspDeInit                              build/stm32f0xx_hal_tim.o (symbol from plugin)
HAL_TIM_IC_MspInit                                build/stm32f0xx_hal_tim.o (symbol from plugin)
HAL_TIM_IC_Start                                  build/stm32f0xx_hal_tim.o (symbol from plugin)
HAL_TIM_IC_Start_DMA                              build/stm32f0xx_hal_tim.o (symbol from plugin)
HAL_TIM_IC_Start_IT                               build/stm32f0xx_hal_tim.o (symbol from plugin)
                                                  build/ir_decode.o (symbol from plugin)
HAL_TIM_IC_Stop                                   build/stm32f0xx_hal_tim.o (symbol from plugin)
HAL_TIM_IC_Stop_DMA                               build/stm32f0xx_hal_tim.o (symbol from plugin)
HAL_TIM_IC_Stop_IT                                build/stm32f0xx_hal_tim.o (symbol from plugin)
                                                  build/ir_decode.o (symbol from plugin)
HAL_TIM_IRQHandler                                build/stm32f0xx_hal_tim.o (symbol from plugin)
HAL_TIM_OC_ConfigChannel                          build/stm32f0xx_hal_tim.o (symbol from plugin)
HAL_TIM_OC_DeInit                                 build/stm32f0xx_hal_tim.o (symbol from plugin)
HAL_TIM_OC_DelayElapsedCallback                   build/stm32f0xx_hal_tim.o (symbol from plugin)
HAL_TIM_OC_GetState                               build/stm32f0xx_hal_tim.o (symbol from plugin)
HAL_TIM_OC_Init                                   build/stm32f0xx_hal_tim.o (symbol from plugin)
HAL_TIM_OC_MspDeInit                              build/stm32f0xx_hal_tim.o (symbol from plugin)
HAL_TIM_OC_MspInit                                build/stm32f0xx_hal_tim.o (symbol from plugin)
HAL_TIM_OC_Start                                  build/stm32f0xx_hal_tim.o (symbol from plugin)
HAL_TIM_OC_Start_DMA                              build/stm32f0xx_hal_tim.o (symbol from plugin)
HAL_TIM_OC_Start_IT                               build/stm32f0xx_hal_tim.o (symbol from plugin)
HAL_TIM_OC_Stop                                   build/stm32f0xx_hal_tim.o (symbol from plugin)
HAL_TIM_OC_Stop_DMA                               build/stm32f0xx_hal_tim.o (symbol from plugin)
HAL_TIM_OC_Stop_IT                                build/stm32f0xx_hal_tim.o (symbol from plugin)
HAL_TIM_OnePulse_ConfigChannel                    build/stm32f0xx_hal_tim.o (symbol from plugin)
HAL_TIM_OnePulse_DeInit                           build/stm32f0xx_hal_tim.o (symbol from plugin)
HAL_TIM_OnePulse_GetState                         build/stm32f0xx_hal_tim.o (symbol from plugin)
HAL_TIM_OnePulse_Init                             build/stm32f0xx_hal_tim.o (symbol from plugin)
HAL_TIM_OnePulse_MspDeInit                        build/stm32f0xx_hal_tim.o (symbol from plugin)
HAL_TIM_OnePulse_MspInit                          build/stm32f0xx_hal_tim.o (symbol from plugin)
HAL_TIM_OnePulse_Start                            build/stm32f0xx_hal_tim.o (symbol from plugin)
HAL_TIM_OnePulse_Start_IT                         build/stm32f0xx_hal_tim.o (symbol from plugin)
HAL_TIM_OnePulse_Stop                             build/stm32f0xx_hal_tim.o (symbol from plugin)
HAL_TIM_OnePulse_Stop_IT                          build/stm32f0xx_hal_tim.o (symbol from plugin)
HAL_TIM_PWM_ConfigChannel                         build/stm32f0xx_hal_tim.o (symbol from plugin)
                                                  build/ir_encode.o (symbol from plugin)
HAL_TIM_PWM_ConfigChannel.constprop.37            /var/folders/40/3zrx_47s1b1ftkx4vzc9q9_00000gn/T//ccKn2cI2.ltrans2.ltrans.o
                                                  /var/folders/40/3zrx_47s1b1ftkx4vzc9q9_00000gn/T//ccKn2cI2.ltrans0.ltrans.o
HAL_TIM_PWM_DeInit                                build/stm32f0xx_hal_tim.o (symbol from plugin)
HAL_TIM_PWM_GetState                              build/stm32f0xx_hal_tim.o (symbol from plugin)
HAL_TIM_PWM_Init                                  build/stm32f0xx_hal_tim.o (symbol from plugin)
                                                  build/ir_encode.o (symbol from plugin)
HAL_TIM_PWM_MspDeInit                             build/stm32f0xx_hal_tim.o (symbol from plugin)
HAL_TIM_PWM_MspInit                               build/stm32f0xx_hal_tim.o (symbol from plugin)
HAL_TIM_PWM_PulseFinishedCallback                 build/stm32f0xx_hal_tim.o (symbol from plugin)
HAL_TIM_PWM_Start                                 build/stm32f0xx_hal_tim.o (symbol from plugin)
                                                  build/ir_encode.o (symbol from plugin)
HAL_TIM_PWM_Start_DMA                             build/stm32f0xx_hal_tim.o (symbol from plugin)
HAL_TIM_PWM_Start_IT                              build/stm32f0xx_hal_tim.o (symbol from plugin)
HAL_TIM_PWM_Stop                                  build/stm32f0xx_hal_tim.o (symbol from plugin)
                                                  build/ir_encode.o (symbol from plugin)
HAL_TIM_PWM_Stop_DMA                              build/stm32f0xx_hal_tim.o (symbol from plugin)
HAL_TIM_PWM_Stop_IT                               build/stm32f0xx_hal_tim.o (symbol from plugin)
HAL_TIM_PeriodElapsedCallback                     build/stm32f0xx_hal_tim.o (symbol from plugin)
HAL_TIM_ReadCapturedValue                         build/stm32f0xx_hal_tim.o (symbol from plugin)
                                                  build/stm32f0xx_it.o (symbol from plugin)
HAL_TIM_SlaveConfigSynchronization                build/stm32f0xx_hal_tim.o (symbol from plugin)
                                                  build/ir_decode.o (symbol from plugin)
HAL_TIM_SlaveConfigSynchronization_IT             build/stm32f0xx_hal_tim.o (symbol from plugin)
HAL_TIM_TriggerCallback                           build/stm32f0xx_hal_tim.o (symbol from plugin)
HAL_UART_Abort                                    build/stm32f0xx_hal_uart.o (symbol from plugin)
HAL_UART_AbortCpltCallback                        build/stm32f0xx_hal_uart.o (symbol from plugin)
HAL_UART_AbortReceive                             build/stm32f0xx_hal_uart.o (symbol from plugin)
HAL_UART_AbortReceiveCpltCallback                 build/stm32f0xx_hal_uart.o (symbol from plugin)
HAL_UART_AbortReceive_IT                          build/stm32f0xx_hal_uart.o (symbol from plugin)
HAL_UART_AbortTransmit                            build/stm32f0xx_hal_uart.o (symbol from plugin)
HAL_UART_AbortTransmitCpltCallback                build/stm32f0xx_hal_uart.o (symbol from plugin)
HAL_UART_AbortTransmit_IT                         build/stm32f0xx_hal_uart.o (symbol from plugin)
HAL_UART_Abort_IT                                 build/stm32f0xx_hal_uart.o (symbol from plugin)
HAL_UART_DMAPause                                 build/stm32f0xx_hal_uart.o (symbol from plugin)
HAL_UART_DMAResume                                build/stm32f0xx_hal_uart.o (symbol from plugin)
HAL_UART_DMAStop                                  build/stm32f0xx_hal_uart.o (symbol from plugin)
HAL_UART_DeInit                                   build/stm32f0xx_hal_uart.o (symbol from plugin)
HAL_UART_ErrorCallback                            build/stm32f0xx_hal_uart.o (symbol from plugin)
HAL_UART_GetError                                 build/stm32f0xx_hal_uart.o (symbol from plugin)
HAL_UART_GetState                                 build/stm32f0xx_hal_uart.o (symbol from plugin)
HAL_UART_IRQHandler                               build/stm32f0xx_hal_uart.o (symbol from plugin)
HAL_UART_Init                                     build/stm32f0xx_hal_uart.o (symbol from plugin)
                                                  build/platform_hw.o (symbol from plugin)
HAL_UART_MspDeInit                                build/stm32f0xx_hal_msp.o (symbol from plugin)
HAL_UART_MspInit                                  build/stm32f0xx_hal_msp.o (symbol from plugin)
                                                  build/stm32f0xx_hal_uart_ex.o (symbol from plugin)
HAL_UART_Receive                                  build/stm32f0xx_hal_uart.o (symbol from plugin)
HAL_UART_Receive_DMA                              build/stm32f0xx_hal_uart.o (symbol from plugin)
HAL_UART_Receive_IT                               build/stm32f0xx_hal_uart.o (symbol from plugin)
HAL_UART_RxCpltCallback                           build/stm32f0xx_hal_uart.o (symbol from plugin)
HAL_UART_RxHalfCpltCallback                       build/stm32f0xx_hal_uart.o (symbol from plugin)
HAL_UART_Transmit                                 build/stm32f0xx_hal_uart.o (symbol from plugin)
                                                  build/iprintf.o (symbol from plugin)
HAL_UART_Transmit_DMA                             build/stm32f0xx_hal_uart.o (symbol from plugin)
HAL_UART_Transmit_IT                              build/stm32f0xx_hal_uart.o (symbol from plugin)
HAL_UART_TxCpltCallback                           build/stm32f0xx_hal_uart.o (symbol from plugin)
HAL_UART_TxHalfCpltCallback                       build/stm32f0xx_hal_uart.o (symbol from plugin)
HardFault_Handler                                 build/startup_stm32f030x6.o
HueClockPeriod.lto_priv.64                        /var/folders/40/3zrx_47s1b1ftkx4vzc9q9_00000gn/T//ccKn2cI2.ltrans3.ltrans.o
                                                  /var/folders/40/3zrx_47s1b1ftkx4vzc9q9_00000gn/T//ccKn2cI2.ltrans0.ltrans.o
I2C1_IRQHandler                                   build/startup_stm32f030x6.o
LedRegisterStates                                 build/platform_hw.o (symbol from plugin)
                                                  build/led.o (symbol from plugin)
NMI_Handler                                       build/startup_stm32f030x6.o
PendSV_Handler                                    build/startup_stm32f030x6.o
RC5FrameReceived                                  /var/folders/40/3zrx_47s1b1ftkx4vzc9q9_00000gn/T//ccKn2cI2.ltrans0.ltrans.o
                                                  build/ir_decode.o (symbol from plugin)
                                                  /var/folders/40/3zrx_47s1b1ftkx4vzc9q9_00000gn/T//ccKn2cI2.ltrans1.ltrans.o
RC5Max2T.lto_priv.73                              /var/folders/40/3zrx_47s1b1ftkx4vzc9q9_00000gn/T//ccKn2cI2.ltrans3.ltrans.o